// Vitest Snapshot v1, https://vitest.dev/guide/snapshot.html

exports[`DeviceNotifications Component > renders correctly 1`] = `
.emotion-0 {
  height: 56px;
  background-color: #1976d2;
  color: #fff;
}

.emotion-1 {
  gap: 16px;
}

.emotion-2 {
  max-width: 100%;
  font-family: "Roboto","Helvetica","Arial",sans-serif;
  font-size: 0.8125rem;
  display: -webkit-inline-box;
  display: -webkit-inline-flex;
  display: -ms-inline-flexbox;
  display: inline-flex;
  -webkit-align-items: center;
  -webkit-box-align: center;
  -ms-flex-align: center;
  align-items: center;
  -webkit-box-pack: center;
  -ms-flex-pack: center;
  -webkit-justify-content: center;
  justify-content: center;
  height: 32px;
  line-height: 1.5;
  color: rgba(0, 0, 0, 0.87);
  background-color: rgba(0, 0, 0, 0.08);
  border-radius: 16px;
  white-space: nowrap;
  -webkit-transition: background-color 300ms cubic-bezier(0.4, 0, 0.2, 1) 0ms,box-shadow 300ms cubic-bezier(0.4, 0, 0.2, 1) 0ms;
  transition: background-color 300ms cubic-bezier(0.4, 0, 0.2, 1) 0ms,box-shadow 300ms cubic-bezier(0.4, 0, 0.2, 1) 0ms;
  cursor: unset;
  outline: 0;
  -webkit-text-decoration: none;
  text-decoration: none;
  border: 0;
  padding: 0;
  vertical-align: middle;
  box-sizing: border-box;
  height: 24px;
  background-color: #9c27b0;
  color: #fff;
}

.emotion-2.Mui-disabled {
  opacity: 0.38;
  pointer-events: none;
}

.emotion-2 .MuiChip-avatar {
  margin-left: 5px;
  margin-right: -6px;
  width: 24px;
  height: 24px;
  color: #616161;
  font-size: 0.75rem;
}

.emotion-2 .MuiChip-icon {
  margin-left: 5px;
  margin-right: -6px;
}

.emotion-2 .MuiChip-deleteIcon {
  -webkit-tap-highlight-color: transparent;
  color: rgba(0, 0, 0, 0.26);
  font-size: 22px;
  cursor: pointer;
  margin: 0 5px 0 -6px;
}

.emotion-2 .MuiChip-deleteIcon:hover {
  color: rgba(0, 0, 0, 0.4);
}

.emotion-2 .MuiChip-avatar {
  color: #fff;
  background-color: #7b1fa2;
}

.emotion-2 .MuiChip-avatar {
  margin-left: 4px;
  margin-right: -4px;
  width: 18px;
  height: 18px;
  font-size: 0.625rem;
}

.emotion-2 .MuiChip-icon {
  font-size: 18px;
  margin-left: 4px;
  margin-right: -4px;
}

.emotion-2 .MuiChip-deleteIcon {
  font-size: 16px;
  margin-right: 4px;
  margin-left: -4px;
}

.emotion-2 .MuiChip-deleteIcon {
  color: rgba(255, 255, 255, 0.7);
}

.emotion-2 .MuiChip-deleteIcon:hover,
.emotion-2 .MuiChip-deleteIcon:active {
  color: #fff;
}

.emotion-2 .MuiChip-icon {
  color: #616161;
}

.emotion-2 .MuiChip-icon {
  color: inherit;
}

.emotion-3 {
  overflow: hidden;
  text-overflow: ellipsis;
  padding-left: 12px;
  padding-right: 12px;
  white-space: nowrap;
  padding-left: 8px;
  padding-right: 8px;
}

.emotion-4 {
  margin: 0;
  font-family: "Roboto","Helvetica","Arial",sans-serif;
  font-weight: 400;
  font-size: 0.875rem;
  line-height: 1.43;
  letter-spacing: 0.01071em;
}

.emotion-5 {
  margin: 0;
  font-family: "Roboto","Helvetica","Arial",sans-serif;
  font-weight: 400;
  font-size: 0.875rem;
  line-height: 1.43;
  letter-spacing: 0.01071em;
  -webkit-text-decoration: underline;
  text-decoration: underline;
  color: inherit;
}

.emotion-5:hover {
  text-decoration-color: inherit;
}

.emotion-6 {
  display: -webkit-inline-box;
  display: -webkit-inline-flex;
  display: -ms-inline-flexbox;
  display: inline-flex;
  -webkit-align-items: center;
  -webkit-box-align: center;
  -ms-flex-align: center;
  align-items: center;
  -webkit-box-pack: center;
  -ms-flex-pack: center;
  -webkit-justify-content: center;
  justify-content: center;
  position: relative;
  box-sizing: border-box;
  -webkit-tap-highlight-color: transparent;
  background-color: transparent;
  outline: 0;
  border: 0;
  margin: 0;
  border-radius: 0;
  padding: 0;
  cursor: pointer;
  -webkit-user-select: none;
  -moz-user-select: none;
  -ms-user-select: none;
  user-select: none;
  vertical-align: middle;
  -moz-appearance: none;
  -webkit-appearance: none;
  -webkit-text-decoration: none;
  text-decoration: none;
  color: inherit;
  text-align: center;
  -webkit-flex: 0 0 auto;
  -ms-flex: 0 0 auto;
  flex: 0 0 auto;
  font-size: 1.5rem;
  padding: 8px;
  border-radius: 50%;
  color: rgba(0, 0, 0, 0.54);
  -webkit-transition: background-color 150ms cubic-bezier(0.4, 0, 0.2, 1) 0ms;
  transition: background-color 150ms cubic-bezier(0.4, 0, 0.2, 1) 0ms;
  --IconButton-hoverBg: rgba(0, 0, 0, 0.04);
  padding: 5px;
  font-size: 1.125rem;
  color: inherit;
  margin-right: 24px;
}

.emotion-6::-moz-focus-inner {
  border-style: none;
}

.emotion-6.Mui-disabled {
  pointer-events: none;
  cursor: default;
}

@media print {
  .emotion-6 {
    -webkit-print-color-adjust: exact;
    color-adjust: exact;
  }
}

.emotion-6:hover {
  background-color: var(--IconButton-hoverBg);
}

@media (hover: none) {
  .emotion-6:hover {
    background-color: transparent;
  }
}

.emotion-6.Mui-disabled {
  background-color: transparent;
  color: rgba(0, 0, 0, 0.26);
}

.emotion-6.MuiIconButton-loading {
  color: transparent;
}

.emotion-7 {
  -webkit-user-select: none;
  -moz-user-select: none;
  -ms-user-select: none;
  user-select: none;
  width: 1em;
  height: 1em;
  display: inline-block;
  -webkit-flex-shrink: 0;
  -ms-flex-negative: 0;
  flex-shrink: 0;
  -webkit-transition: fill 200ms cubic-bezier(0.4, 0, 0.2, 1) 0ms;
  transition: fill 200ms cubic-bezier(0.4, 0, 0.2, 1) 0ms;
  fill: currentColor;
  font-size: 1.25rem;
}

<div
  class="flexbox align-items-center emotion-0"
>
  <div
    class="flexbox centered full-width emotion-1"
  >
    <div
      class="MuiChip-root MuiChip-filled MuiChip-sizeSmall MuiChip-colorSecondary emotion-2"
    >
      <span
        class="MuiChip-label emotion-3"
      >
        New
      </span>
    </div>
    <p
      class="MuiTypography-root MuiTypography-body2 emotion-4"
    >
      More accurate device search: Find exact devices faster using your device identity attribute.
    </p>
    <a
      class="MuiTypography-root MuiTypography-body2 MuiLink-root MuiLink-underlineAlways emotion-5"
      href="https://mender.io/blog/simpler-more-predictable-device-search-in-the-mender-ui"
      rel="noopener noreferrer"
      target="_blank"
    >
      Learn more
    </a>
  </div>
  <button
    class="MuiButtonBase-root MuiIconButton-root MuiIconButton-sizeSmall emotion-6"
    tabindex="0"
    type="button"
  >
    <svg
      aria-hidden="true"
      class="MuiSvgIcon-root MuiSvgIcon-fontSizeSmall emotion-7"
      data-testid="CloseIcon"
      focusable="false"
      viewBox="0 0 24 24"
    >
      <path
        d="M19 6.41 17.59 5 12 10.59 6.41 5 5 6.41 10.59 12 5 17.59 6.41 19 12 13.41 17.59 19 19 17.59 13.41 12z"
      />
    </svg>
  </button>
</div>
`;
