// Vitest Snapshot v1, https://vitest.dev/guide/snapshot.html

exports[`ManifestDetails Component > renders correctly 1`] = `
.emotion-0 {
  background-color: #fff;
  color: rgba(0, 0, 0, 0.87);
  -webkit-transition: box-shadow 300ms cubic-bezier(0.4, 0, 0.2, 1) 0ms;
  transition: box-shadow 300ms cubic-bezier(0.4, 0, 0.2, 1) 0ms;
  box-shadow: var(--Paper-shadow);
  background-image: var(--Paper-overlay);
  overflow-y: auto;
  display: -webkit-box;
  display: -webkit-flex;
  display: -ms-flexbox;
  display: flex;
  -webkit-flex-direction: column;
  -ms-flex-direction: column;
  flex-direction: column;
  height: 100%;
  -webkit-flex: 1 0 auto;
  -ms-flex: 1 0 auto;
  flex: 1 0 auto;
  z-index: 1200;
  -webkit-overflow-scrolling: touch;
  position: fixed;
  top: 0;
  outline: 0;
  right: 0;
}

.emotion-1 {
  margin: 0;
  font-family: "Roboto","Helvetica","Arial",sans-serif;
  font-weight: 400;
  font-size: 1rem;
  line-height: 1.75;
  letter-spacing: 0.00938em;
}

.emotion-2 {
  display: -webkit-inline-box;
  display: -webkit-inline-flex;
  display: -ms-inline-flexbox;
  display: inline-flex;
  -webkit-align-items: center;
  -webkit-box-align: center;
  -ms-flex-align: center;
  align-items: center;
  -webkit-box-pack: center;
  -ms-flex-pack: center;
  -webkit-justify-content: center;
  justify-content: center;
  position: relative;
  box-sizing: border-box;
  -webkit-tap-highlight-color: transparent;
  background-color: transparent;
  outline: 0;
  border: 0;
  margin: 0;
  border-radius: 0;
  padding: 0;
  cursor: pointer;
  -webkit-user-select: none;
  -moz-user-select: none;
  -ms-user-select: none;
  user-select: none;
  vertical-align: middle;
  -moz-appearance: none;
  -webkit-appearance: none;
  -webkit-text-decoration: none;
  text-decoration: none;
  color: inherit;
  text-align: center;
  -webkit-flex: 0 0 auto;
  -ms-flex: 0 0 auto;
  flex: 0 0 auto;
  font-size: 1.5rem;
  padding: 8px;
  border-radius: 50%;
  color: rgba(0, 0, 0, 0.54);
  -webkit-transition: background-color 150ms cubic-bezier(0.4, 0, 0.2, 1) 0ms;
  transition: background-color 150ms cubic-bezier(0.4, 0, 0.2, 1) 0ms;
  --IconButton-hoverBg: rgba(0, 0, 0, 0.04);
  padding: 12px;
  font-size: 1.75rem;
}

.emotion-2::-moz-focus-inner {
  border-style: none;
}

.emotion-2.Mui-disabled {
  pointer-events: none;
  cursor: default;
}

@media print {
  .emotion-2 {
    -webkit-print-color-adjust: exact;
    color-adjust: exact;
  }
}

.emotion-2:hover {
  background-color: var(--IconButton-hoverBg);
}

@media (hover: none) {
  .emotion-2:hover {
    background-color: transparent;
  }
}

.emotion-2.Mui-disabled {
  background-color: transparent;
  color: rgba(0, 0, 0, 0.26);
}

.emotion-2.MuiIconButton-loading {
  color: transparent;
}

.emotion-3 {
  -webkit-user-select: none;
  -moz-user-select: none;
  -ms-user-select: none;
  user-select: none;
  width: 1em;
  height: 1em;
  display: inline-block;
  -webkit-flex-shrink: 0;
  -ms-flex-negative: 0;
  flex-shrink: 0;
  -webkit-transition: fill 200ms cubic-bezier(0.4, 0, 0.2, 1) 0ms;
  transition: fill 200ms cubic-bezier(0.4, 0, 0.2, 1) 0ms;
  fill: currentColor;
  font-size: 1.5rem;
}

.emotion-4 {
  margin: 0;
  font-family: "Roboto","Helvetica","Arial",sans-serif;
  font-weight: 400;
  font-size: 0.875rem;
  line-height: 1.43;
  letter-spacing: 0.01071em;
}

.emotion-8 {
  margin: 0;
  -webkit-flex-shrink: 0;
  -ms-flex-negative: 0;
  flex-shrink: 0;
  border-width: 0;
  border-style: solid;
  border-color: rgba(0, 0, 0, 0.12);
  border-bottom-width: thin;
}

.emotion-9.two-columns.column-data {
  grid-template-columns: max-content minmax(auto, 650px);
  max-width: initial;
  row-gap: 8px;
}

.emotion-10 {
  margin: 0;
  font-family: "Roboto","Helvetica","Arial",sans-serif;
  font-weight: 500;
  font-size: 0.875rem;
  line-height: 1.57;
  letter-spacing: 0.00714em;
}

.emotion-22 {
  display: grid;
  grid-auto-flow: column;
  grid-auto-columns: max-content;
  gap: 8px;
  -webkit-align-items: center;
  -webkit-box-align: center;
  -ms-flex-align: center;
  align-items: center;
}

.emotion-25 {
  display: -webkit-box;
  display: -webkit-flex;
  display: -ms-flexbox;
  display: flex;
  -webkit-box-pack: start;
  -ms-flex-pack: start;
  -webkit-justify-content: flex-start;
  justify-content: flex-start;
  -webkit-align-items: center;
  -webkit-box-align: center;
  -ms-flex-align: center;
  align-items: center;
  position: relative;
  -webkit-text-decoration: none;
  text-decoration: none;
  width: 100%;
  box-sizing: border-box;
  text-align: left;
  padding-top: 8px;
  padding-bottom: 8px;
  padding-top: 4px;
  padding-bottom: 4px;
  border-bottom: 1px solid rgba(0, 0, 0, 0.12);
  -webkit-background-clip: padding-box;
  background-clip: padding-box;
}

.emotion-26 {
  -webkit-flex: 1 1 auto;
  -ms-flex: 1 1 auto;
  flex: 1 1 auto;
  min-width: 0;
  margin-top: 4px;
  margin-bottom: 4px;
}

.MuiTypography-root:where(.emotion-26 .MuiListItemText-primary) {
  display: block;
}

.MuiTypography-root:where(.emotion-26 .MuiListItemText-secondary) {
  display: block;
}

.emotion-28 {
  margin: 0;
  font-family: "Roboto","Helvetica","Arial",sans-serif;
  font-weight: 400;
  font-size: 0.875rem;
  line-height: 1.43;
  letter-spacing: 0.01071em;
  color: rgba(0, 0, 0, 0.6);
}

.emotion-29 {
  display: block;
  white-space: pre-wrap;
}

.emotion-30 {
  display: -webkit-inline-box;
  display: -webkit-inline-flex;
  display: -ms-inline-flexbox;
  display: inline-flex;
  -webkit-align-items: center;
  -webkit-box-align: center;
  -ms-flex-align: center;
  align-items: center;
  -webkit-box-pack: center;
  -ms-flex-pack: center;
  -webkit-justify-content: center;
  justify-content: center;
  position: relative;
  box-sizing: border-box;
  -webkit-tap-highlight-color: transparent;
  background-color: transparent;
  outline: 0;
  border: 0;
  margin: 0;
  border-radius: 0;
  padding: 0;
  cursor: pointer;
  -webkit-user-select: none;
  -moz-user-select: none;
  -ms-user-select: none;
  user-select: none;
  vertical-align: middle;
  -moz-appearance: none;
  -webkit-appearance: none;
  -webkit-text-decoration: none;
  text-decoration: none;
  color: inherit;
  font-family: "Roboto","Helvetica","Arial",sans-serif;
  font-weight: 500;
  font-size: 0.875rem;
  line-height: 1.75;
  letter-spacing: 0.02857em;
  text-transform: uppercase;
  min-width: 64px;
  padding: 6px 16px;
  border: 0;
  border-radius: 4px;
  -webkit-transition: background-color 250ms cubic-bezier(0.4, 0, 0.2, 1) 0ms,box-shadow 250ms cubic-bezier(0.4, 0, 0.2, 1) 0ms,border-color 250ms cubic-bezier(0.4, 0, 0.2, 1) 0ms,color 250ms cubic-bezier(0.4, 0, 0.2, 1) 0ms;
  transition: background-color 250ms cubic-bezier(0.4, 0, 0.2, 1) 0ms,box-shadow 250ms cubic-bezier(0.4, 0, 0.2, 1) 0ms,border-color 250ms cubic-bezier(0.4, 0, 0.2, 1) 0ms,color 250ms cubic-bezier(0.4, 0, 0.2, 1) 0ms;
  padding: 6px 8px;
  color: var(--variant-textColor);
  background-color: var(--variant-textBg);
  color: inherit;
  border-color: currentColor;
  --variant-containedBg: #e0e0e0;
  padding: 4px 5px;
  font-size: 0.8125rem;
  -webkit-transition: background-color 250ms cubic-bezier(0.4, 0, 0.2, 1) 0ms,box-shadow 250ms cubic-bezier(0.4, 0, 0.2, 1) 0ms,border-color 250ms cubic-bezier(0.4, 0, 0.2, 1) 0ms;
  transition: background-color 250ms cubic-bezier(0.4, 0, 0.2, 1) 0ms,box-shadow 250ms cubic-bezier(0.4, 0, 0.2, 1) 0ms,border-color 250ms cubic-bezier(0.4, 0, 0.2, 1) 0ms;
}

.emotion-30::-moz-focus-inner {
  border-style: none;
}

.emotion-30.Mui-disabled {
  pointer-events: none;
  cursor: default;
}

@media print {
  .emotion-30 {
    -webkit-print-color-adjust: exact;
    color-adjust: exact;
  }
}

.emotion-30:hover {
  -webkit-text-decoration: none;
  text-decoration: none;
}

.emotion-30.Mui-disabled {
  color: rgba(0, 0, 0, 0.26);
}

@media (hover: hover) {
  .emotion-30:hover {
    --variant-containedBg: #f5f5f5;
    --variant-textBg: rgba(0, 0, 0, 0.04);
    --variant-outlinedBg: rgba(0, 0, 0, 0.04);
  }
}

.emotion-30.MuiButton-loading {
  color: transparent;
}

.emotion-31 {
  display: inherit;
  margin-right: 8px;
  margin-left: -4px;
  margin-left: -2px;
}

.emotion-31>*:nth-of-type(1) {
  font-size: 18px;
}

.emotion-38 {
  margin-right: 16px;
  max-width: 350px;
}

.emotion-38.Mui-focused .MuiAutocomplete-clearIndicator {
  visibility: visible;
}

@media (pointer: fine) {
  .emotion-38:hover .MuiAutocomplete-clearIndicator {
    visibility: visible;
  }
}

.emotion-38 .MuiAutocomplete-tag {
  margin: 3px;
  max-width: calc(100% - 6px);
}

.MuiAutocomplete-hasPopupIcon.emotion-38 .MuiAutocomplete-inputRoot,
.MuiAutocomplete-hasClearIcon.emotion-38 .MuiAutocomplete-inputRoot {
  padding-right: 30px;
}

.MuiAutocomplete-hasPopupIcon.MuiAutocomplete-hasClearIcon.emotion-38 .MuiAutocomplete-inputRoot {
  padding-right: 56px;
}

.emotion-38 .MuiAutocomplete-inputRoot .MuiAutocomplete-input {
  width: 0;
  min-width: 30px;
}

.emotion-38 .MuiInput-root {
  padding-bottom: 1px;
}

.emotion-38 .MuiInput-root .MuiInput-input {
  padding: 4px 4px 4px 0px;
}

.emotion-38 .MuiInput-root.MuiInputBase-sizeSmall .MuiInput-input {
  padding: 2px 4px 3px 0;
}

.emotion-38 .MuiOutlinedInput-root {
  padding: 9px;
}

.MuiAutocomplete-hasPopupIcon.emotion-38 .MuiOutlinedInput-root,
.MuiAutocomplete-hasClearIcon.emotion-38 .MuiOutlinedInput-root {
  padding-right: 39px;
}

.MuiAutocomplete-hasPopupIcon.MuiAutocomplete-hasClearIcon.emotion-38 .MuiOutlinedInput-root {
  padding-right: 65px;
}

.emotion-38 .MuiOutlinedInput-root .MuiAutocomplete-input {
  padding: 7.5px 4px 7.5px 5px;
}

.emotion-38 .MuiOutlinedInput-root .MuiAutocomplete-endAdornment {
  right: 9px;
}

.emotion-38 .MuiOutlinedInput-root.MuiInputBase-sizeSmall {
  padding-top: 6px;
  padding-bottom: 6px;
  padding-left: 6px;
}

.emotion-38 .MuiOutlinedInput-root.MuiInputBase-sizeSmall .MuiAutocomplete-input {
  padding: 2.5px 4px 2.5px 8px;
}

.emotion-38 .MuiFilledInput-root {
  padding-top: 19px;
  padding-left: 8px;
}

.MuiAutocomplete-hasPopupIcon.emotion-38 .MuiFilledInput-root,
.MuiAutocomplete-hasClearIcon.emotion-38 .MuiFilledInput-root {
  padding-right: 39px;
}

.MuiAutocomplete-hasPopupIcon.MuiAutocomplete-hasClearIcon.emotion-38 .MuiFilledInput-root {
  padding-right: 65px;
}

.emotion-38 .MuiFilledInput-root .MuiFilledInput-input {
  padding: 7px 4px;
}

.emotion-38 .MuiFilledInput-root .MuiAutocomplete-endAdornment {
  right: 9px;
}

.emotion-38 .MuiFilledInput-root.MuiInputBase-sizeSmall {
  padding-bottom: 1px;
}

.emotion-38 .MuiFilledInput-root.MuiInputBase-sizeSmall .MuiFilledInput-input {
  padding: 2.5px 4px;
}

.emotion-38 .MuiInputBase-hiddenLabel {
  padding-top: 8px;
}

.emotion-38 .MuiFilledInput-root.MuiInputBase-hiddenLabel {
  padding-top: 0;
  padding-bottom: 0;
}

.emotion-38 .MuiFilledInput-root.MuiInputBase-hiddenLabel .MuiAutocomplete-input {
  padding-top: 16px;
  padding-bottom: 17px;
}

.emotion-38 .MuiFilledInput-root.MuiInputBase-hiddenLabel.MuiInputBase-sizeSmall .MuiAutocomplete-input {
  padding-top: 8px;
  padding-bottom: 9px;
}

.emotion-38 .MuiAutocomplete-input {
  -webkit-box-flex: 1;
  -webkit-flex-grow: 1;
  -ms-flex-positive: 1;
  flex-grow: 1;
  text-overflow: ellipsis;
  opacity: 0;
}

.emotion-38 .MuiAutocomplete-input {
  opacity: 1;
}

.emotion-38 .MuiAutocomplete-inputRoot {
  -webkit-box-flex-wrap: wrap;
  -webkit-flex-wrap: wrap;
  -ms-flex-wrap: wrap;
  flex-wrap: wrap;
}

.emotion-39 {
  display: -webkit-inline-box;
  display: -webkit-inline-flex;
  display: -ms-inline-flexbox;
  display: inline-flex;
  -webkit-flex-direction: column;
  -ms-flex-direction: column;
  flex-direction: column;
  position: relative;
  min-width: 0;
  padding: 0;
  margin: 0;
  border: 0;
  vertical-align: top;
  width: 100%;
}

.emotion-40 {
  font-family: "Roboto","Helvetica","Arial",sans-serif;
  font-weight: 400;
  font-size: 1rem;
  line-height: 1.4375em;
  letter-spacing: 0.00938em;
  color: rgba(0, 0, 0, 0.87);
  box-sizing: border-box;
  position: relative;
  cursor: text;
  display: -webkit-inline-box;
  display: -webkit-inline-flex;
  display: -ms-inline-flexbox;
  display: inline-flex;
  -webkit-align-items: center;
  -webkit-box-align: center;
  -ms-flex-align: center;
  align-items: center;
  width: 100%;
  position: relative;
}

.emotion-40.Mui-disabled {
  color: rgba(0, 0, 0, 0.38);
  cursor: default;
}

label+.emotion-40,
.MuiInputLabel-root+.emotion-40 {
  margin-top: 16px;
}

.emotion-40::after {
  left: 0;
  bottom: 0;
  content: "";
  position: absolute;
  right: 0;
  -webkit-transform: scaleX(0);
  -moz-transform: scaleX(0);
  -ms-transform: scaleX(0);
  transform: scaleX(0);
  -webkit-transition: -webkit-transform 200ms cubic-bezier(0.0, 0, 0.2, 1) 0ms;
  transition: transform 200ms cubic-bezier(0.0, 0, 0.2, 1) 0ms;
  pointer-events: none;
}

.emotion-40.Mui-focused:after {
  -webkit-transform: scaleX(1) translateX(0);
  -moz-transform: scaleX(1) translateX(0);
  -ms-transform: scaleX(1) translateX(0);
  transform: scaleX(1) translateX(0);
}

.emotion-40.Mui-error::before,
.emotion-40.Mui-error::after {
  border-bottom-color: #d32f2f;
}

.emotion-40::before {
  border-bottom: 1px solid rgba(0, 0, 0, 0.42);
  left: 0;
  bottom: 0;
  content: "";
  position: absolute;
  right: 0;
  -webkit-transition: border-bottom-color 200ms cubic-bezier(0.4, 0, 0.2, 1) 0ms;
  transition: border-bottom-color 200ms cubic-bezier(0.4, 0, 0.2, 1) 0ms;
  pointer-events: none;
}

.emotion-40:hover:not(.Mui-disabled, .Mui-error):before {
  border-bottom: 2px solid rgba(0, 0, 0, 0.87);
}

@media (hover: none) {
  .emotion-40:hover:not(.Mui-disabled, .Mui-error):before {
    border-bottom: 1px solid rgba(0, 0, 0, 0.42);
  }
}

.emotion-40.Mui-disabled:before {
  border-bottom-style: dotted;
}

.emotion-40::after {
  border-bottom: 2px solid #1976d2;
}

.emotion-41 {
  font: inherit;
  letter-spacing: inherit;
  color: currentColor;
  padding: 4px 0 5px;
  border: 0;
  box-sizing: content-box;
  background: none;
  height: 1.4375em;
  margin: 0;
  -webkit-tap-highlight-color: transparent;
  display: block;
  min-width: 0;
  width: 100%;
  -webkit-animation-name: mui-auto-fill-cancel;
  animation-name: mui-auto-fill-cancel;
  -webkit-animation-duration: 10ms;
  animation-duration: 10ms;
}

.emotion-41::-webkit-input-placeholder {
  color: currentColor;
  opacity: 0.42;
  -webkit-transition: opacity 200ms cubic-bezier(0.4, 0, 0.2, 1) 0ms;
  transition: opacity 200ms cubic-bezier(0.4, 0, 0.2, 1) 0ms;
}

.emotion-41::-moz-placeholder {
  color: currentColor;
  opacity: 0.42;
  -webkit-transition: opacity 200ms cubic-bezier(0.4, 0, 0.2, 1) 0ms;
  transition: opacity 200ms cubic-bezier(0.4, 0, 0.2, 1) 0ms;
}

.emotion-41::-ms-input-placeholder {
  color: currentColor;
  opacity: 0.42;
  -webkit-transition: opacity 200ms cubic-bezier(0.4, 0, 0.2, 1) 0ms;
  transition: opacity 200ms cubic-bezier(0.4, 0, 0.2, 1) 0ms;
}

.emotion-41:focus {
  outline: 0;
}

.emotion-41:invalid {
  box-shadow: none;
}

.emotion-41::-webkit-search-decoration {
  -webkit-appearance: none;
}

label[data-shrink=false]+.MuiInputBase-formControl .emotion-41::-webkit-input-placeholder {
  opacity: 0!important;
}

label[data-shrink=false]+.MuiInputBase-formControl .emotion-41::-moz-placeholder {
  opacity: 0!important;
}

label[data-shrink=false]+.MuiInputBase-formControl .emotion-41::-ms-input-placeholder {
  opacity: 0!important;
}

label[data-shrink=false]+.MuiInputBase-formControl .emotion-41:focus::-webkit-input-placeholder {
  opacity: 0.42;
}

label[data-shrink=false]+.MuiInputBase-formControl .emotion-41:focus::-moz-placeholder {
  opacity: 0.42;
}

label[data-shrink=false]+.MuiInputBase-formControl .emotion-41:focus::-ms-input-placeholder {
  opacity: 0.42;
}

.emotion-41.Mui-disabled {
  opacity: 1;
  -webkit-text-fill-color: rgba(0, 0, 0, 0.38);
}

.emotion-41:-webkit-autofill {
  -webkit-animation-duration: 5000s;
  animation-duration: 5000s;
  -webkit-animation-name: mui-auto-fill;
  animation-name: mui-auto-fill;
}

.emotion-44 {
  display: table;
  width: 100%;
  border-collapse: collapse;
  border-spacing: 0;
}

.emotion-44 caption {
  font-family: "Roboto","Helvetica","Arial",sans-serif;
  font-weight: 400;
  font-size: 0.875rem;
  line-height: 1.43;
  letter-spacing: 0.01071em;
  padding: 16px;
  color: rgba(0, 0, 0, 0.6);
  text-align: left;
  caption-side: bottom;
}

.emotion-45 {
  display: table-header-group;
}

.emotion-45 .columnHeader {
  display: table-cell;
}

.emotion-45 .columnHeader .sortIcon {
  margin-bottom: -6px;
}

.emotion-45 .nonSortable {
  cursor: initial;
}

.emotion-46 {
  color: inherit;
  display: table-row;
  vertical-align: middle;
  outline: 0;
}

.emotion-46.MuiTableRow-hover:hover {
  background-color: rgba(0, 0, 0, 0.04);
}

.emotion-46.Mui-selected {
  background-color: rgba(25, 118, 210, 0.08);
}

.emotion-46.Mui-selected:hover {
  background-color: rgba(25, 118, 210, 0.12);
}

.emotion-47 {
  font-family: "Roboto","Helvetica","Arial",sans-serif;
  font-weight: 400;
  font-size: 0.875rem;
  line-height: 1.43;
  letter-spacing: 0.01071em;
  display: table-cell;
  vertical-align: inherit;
  border-bottom: 1px solid rgba(224, 224, 224, 1);
  text-align: left;
  padding: 16px;
  color: rgba(0, 0, 0, 0.87);
  line-height: 1.5rem;
  font-weight: 500;
}

.emotion-48 {
  -webkit-user-select: none;
  -moz-user-select: none;
  -ms-user-select: none;
  user-select: none;
  width: 1em;
  height: 1em;
  display: inline-block;
  -webkit-flex-shrink: 0;
  -ms-flex-negative: 0;
  flex-shrink: 0;
  -webkit-transition: fill 200ms cubic-bezier(0.4, 0, 0.2, 1) 0ms;
  transition: fill 200ms cubic-bezier(0.4, 0, 0.2, 1) 0ms;
  fill: currentColor;
  font-size: 1.5rem;
  color: rgba(0, 0, 0, 0.54);
}

.emotion-51 {
  font-family: "Roboto","Helvetica","Arial",sans-serif;
  font-weight: 400;
  font-size: 0.875rem;
  line-height: 1.43;
  letter-spacing: 0.01071em;
  display: table-cell;
  vertical-align: inherit;
  border-bottom: 1px solid rgba(224, 224, 224, 1);
  text-align: left;
  padding: 16px;
  color: rgba(0, 0, 0, 0.87);
  line-height: 1.5rem;
  font-weight: 500;
  text-align: right;
  -webkit-flex-direction: row-reverse;
  -ms-flex-direction: row-reverse;
  flex-direction: row-reverse;
}

.emotion-53 {
  display: table-row-group;
}

.emotion-55 {
  font-family: "Roboto","Helvetica","Arial",sans-serif;
  font-weight: 400;
  font-size: 0.875rem;
  line-height: 1.43;
  letter-spacing: 0.01071em;
  display: table-cell;
  vertical-align: inherit;
  border-bottom: 1px solid rgba(224, 224, 224, 1);
  text-align: left;
  padding: 16px;
  color: rgba(0, 0, 0, 0.87);
}

.emotion-57 {
  margin: 0;
  font: inherit;
  line-height: inherit;
  letter-spacing: inherit;
  color: #1976d2;
  -webkit-text-decoration: underline;
  text-decoration: underline;
  text-decoration-color: var(--Link-underlineColor);
  --Link-underlineColor: rgba(25, 118, 210, 0.4);
  position: relative;
  -webkit-tap-highlight-color: transparent;
  background-color: transparent;
  outline: 0;
  border: 0;
  margin: 0;
  border-radius: 0;
  padding: 0;
  cursor: pointer;
  -webkit-user-select: none;
  -moz-user-select: none;
  -ms-user-select: none;
  user-select: none;
  vertical-align: middle;
  -moz-appearance: none;
  -webkit-appearance: none;
}

.emotion-57:hover {
  text-decoration-color: inherit;
}

.emotion-57::-moz-focus-inner {
  border-style: none;
}

.emotion-57.Mui-focusVisible {
  outline: auto;
}

.emotion-58 {
  font-family: "Roboto","Helvetica","Arial",sans-serif;
  font-weight: 400;
  font-size: 0.875rem;
  line-height: 1.43;
  letter-spacing: 0.01071em;
  display: table-cell;
  vertical-align: inherit;
  border-bottom: 1px solid rgba(224, 224, 224, 1);
  text-align: left;
  padding: 16px;
  color: rgba(0, 0, 0, 0.87);
  text-align: right;
  -webkit-flex-direction: row-reverse;
  -ms-flex-direction: row-reverse;
  flex-direction: row-reverse;
}

.emotion-59 {
  overflow: auto;
  color: rgba(0, 0, 0, 0.87);
  font-size: 0.875rem;
}

.emotion-59:last-child {
  padding: 0;
}

.emotion-60 {
  position: relative;
  display: -webkit-box;
  display: -webkit-flex;
  display: -ms-flexbox;
  display: flex;
  -webkit-align-items: center;
  -webkit-box-align: center;
  -ms-flex-align: center;
  align-items: center;
  padding-left: 16px;
  padding-right: 16px;
  min-height: 56px;
  min-height: 52px;
  padding-right: 2px;
}

@media (min-width:600px) {
  .emotion-60 {
    padding-left: 24px;
    padding-right: 24px;
  }
}

@media (min-width:0px) {
  @media (orientation: landscape) {
    .emotion-60 {
      min-height: 48px;
    }
  }
}

@media (min-width:600px) {
  .emotion-60 {
    min-height: 64px;
  }
}

@media (min-width:0px) and (orientation: landscape) {
  .emotion-60 {
    min-height: 52px;
  }
}

@media (min-width:600px) {
  .emotion-60 {
    min-height: 52px;
    padding-right: 2px;
  }
}

.emotion-60 .MuiTablePagination-actions {
  -webkit-flex-shrink: 0;
  -ms-flex-negative: 0;
  flex-shrink: 0;
  margin-left: 20px;
}

.emotion-61 {
  -webkit-flex: 1 1 100%;
  -ms-flex: 1 1 100%;
  flex: 1 1 100%;
}

.emotion-62 {
  font-family: "Roboto","Helvetica","Arial",sans-serif;
  font-weight: 400;
  font-size: 0.875rem;
  line-height: 1.43;
  letter-spacing: 0.01071em;
  -webkit-flex-shrink: 0;
  -ms-flex-negative: 0;
  flex-shrink: 0;
}

.emotion-63 {
  font-family: "Roboto","Helvetica","Arial",sans-serif;
  font-weight: 400;
  font-size: 1rem;
  line-height: 1.4375em;
  letter-spacing: 0.00938em;
  color: rgba(0, 0, 0, 0.87);
  box-sizing: border-box;
  position: relative;
  cursor: text;
  display: -webkit-inline-box;
  display: -webkit-inline-flex;
  display: -ms-inline-flexbox;
  display: inline-flex;
  -webkit-align-items: center;
  -webkit-box-align: center;
  -ms-flex-align: center;
  align-items: center;
  color: inherit;
  font-size: inherit;
  -webkit-flex-shrink: 0;
  -ms-flex-negative: 0;
  flex-shrink: 0;
  margin-right: 32px;
  margin-left: 8px;
}

.emotion-63.Mui-disabled {
  color: rgba(0, 0, 0, 0.38);
  cursor: default;
}

.emotion-63 .MuiTablePagination-select {
  padding-left: 8px;
  padding-right: 24px;
  text-align: right;
  -webkit-text-align-last: right;
  text-align-last: right;
}

.emotion-64 {
  -moz-appearance: none;
  -webkit-appearance: none;
  -webkit-user-select: none;
  -moz-user-select: none;
  -ms-user-select: none;
  user-select: none;
  border-radius: 0;
  cursor: pointer;
  font: inherit;
  letter-spacing: inherit;
  color: currentColor;
  padding: 4px 0 5px;
  border: 0;
  box-sizing: content-box;
  background: none;
  height: 1.4375em;
  margin: 0;
  -webkit-tap-highlight-color: transparent;
  display: block;
  min-width: 0;
  width: 100%;
  -webkit-animation-name: mui-auto-fill-cancel;
  animation-name: mui-auto-fill-cancel;
  -webkit-animation-duration: 10ms;
  animation-duration: 10ms;
}

.emotion-64:focus {
  border-radius: 0;
}

.emotion-64.Mui-disabled {
  cursor: default;
}

.emotion-64[multiple] {
  height: auto;
}

.emotion-64:not([multiple]) option,
.emotion-64:not([multiple]) optgroup {
  background-color: #fff;
}

.emotion-64.emotion-64.emotion-64 {
  padding-right: 24px;
  min-width: 16px;
}

.emotion-64.MuiSelect-select {
  height: auto;
  min-height: 1.4375em;
  text-overflow: ellipsis;
  white-space: nowrap;
  overflow: hidden;
}

.emotion-64::-webkit-input-placeholder {
  color: currentColor;
  opacity: 0.42;
  -webkit-transition: opacity 200ms cubic-bezier(0.4, 0, 0.2, 1) 0ms;
  transition: opacity 200ms cubic-bezier(0.4, 0, 0.2, 1) 0ms;
}

.emotion-64::-moz-placeholder {
  color: currentColor;
  opacity: 0.42;
  -webkit-transition: opacity 200ms cubic-bezier(0.4, 0, 0.2, 1) 0ms;
  transition: opacity 200ms cubic-bezier(0.4, 0, 0.2, 1) 0ms;
}

.emotion-64::-ms-input-placeholder {
  color: currentColor;
  opacity: 0.42;
  -webkit-transition: opacity 200ms cubic-bezier(0.4, 0, 0.2, 1) 0ms;
  transition: opacity 200ms cubic-bezier(0.4, 0, 0.2, 1) 0ms;
}

.emotion-64:focus {
  outline: 0;
}

.emotion-64:invalid {
  box-shadow: none;
}

.emotion-64::-webkit-search-decoration {
  -webkit-appearance: none;
}

label[data-shrink=false]+.MuiInputBase-formControl .emotion-64::-webkit-input-placeholder {
  opacity: 0!important;
}

label[data-shrink=false]+.MuiInputBase-formControl .emotion-64::-moz-placeholder {
  opacity: 0!important;
}

label[data-shrink=false]+.MuiInputBase-formControl .emotion-64::-ms-input-placeholder {
  opacity: 0!important;
}

label[data-shrink=false]+.MuiInputBase-formControl .emotion-64:focus::-webkit-input-placeholder {
  opacity: 0.42;
}

label[data-shrink=false]+.MuiInputBase-formControl .emotion-64:focus::-moz-placeholder {
  opacity: 0.42;
}

label[data-shrink=false]+.MuiInputBase-formControl .emotion-64:focus::-ms-input-placeholder {
  opacity: 0.42;
}

.emotion-64.Mui-disabled {
  opacity: 1;
  -webkit-text-fill-color: rgba(0, 0, 0, 0.38);
}

.emotion-64:-webkit-autofill {
  -webkit-animation-duration: 5000s;
  animation-duration: 5000s;
  -webkit-animation-name: mui-auto-fill;
  animation-name: mui-auto-fill;
}

.emotion-65 {
  bottom: 0;
  left: 0;
  position: absolute;
  opacity: 0;
  pointer-events: none;
  width: 100%;
  box-sizing: border-box;
}

.emotion-66 {
  -webkit-user-select: none;
  -moz-user-select: none;
  -ms-user-select: none;
  user-select: none;
  width: 1em;
  height: 1em;
  display: inline-block;
  -webkit-flex-shrink: 0;
  -ms-flex-negative: 0;
  flex-shrink: 0;
  -webkit-transition: fill 200ms cubic-bezier(0.4, 0, 0.2, 1) 0ms;
  transition: fill 200ms cubic-bezier(0.4, 0, 0.2, 1) 0ms;
  fill: currentColor;
  font-size: 1.5rem;
  position: absolute;
  right: 0;
  top: calc(50% - .5em);
  pointer-events: none;
  color: rgba(0, 0, 0, 0.54);
}

.emotion-66.Mui-disabled {
  color: rgba(0, 0, 0, 0.26);
}

.emotion-67 {
  font-family: "Roboto","Helvetica","Arial",sans-serif;
  font-weight: 400;
  font-size: 0.875rem;
  line-height: 1.43;
  letter-spacing: 0.01071em;
  -webkit-flex-shrink: 0;
  -ms-flex-negative: 0;
  flex-shrink: 0;
}

.emotion-72 {
  display: -webkit-box;
  display: -webkit-flex;
  display: -ms-flexbox;
  display: flex;
  position: fixed;
  bottom: 52px;
  right: 52px;
  z-index: 10;
  min-width: -webkit-max-content;
  min-width: -moz-max-content;
  min-width: max-content;
  -webkit-align-items: flex-end;
  -webkit-box-align: flex-end;
  -ms-flex-align: flex-end;
  align-items: flex-end;
  -webkit-box-pack: end;
  -ms-flex-pack: end;
  -webkit-justify-content: flex-end;
  justify-content: flex-end;
  pointer-events: none;
}

.emotion-72 .MuiSpeedDialAction-staticTooltipLabel {
  min-width: -webkit-max-content;
  min-width: -moz-max-content;
  min-width: max-content;
}

.emotion-73 {
  z-index: 1050;
  display: -webkit-box;
  display: -webkit-flex;
  display: -ms-flexbox;
  display: flex;
  -webkit-align-items: center;
  -webkit-box-align: center;
  -ms-flex-align: center;
  align-items: center;
  pointer-events: none;
  -webkit-flex-direction: column-reverse;
  -ms-flex-direction: column-reverse;
  flex-direction: column-reverse;
  margin-bottom: 16px;
  margin-right: 16px;
}

.emotion-73 .MuiSpeedDial-actions {
  -webkit-flex-direction: column-reverse;
  -ms-flex-direction: column-reverse;
  flex-direction: column-reverse;
  margin-bottom: -32px;
  padding-bottom: 48px;
}

.emotion-74 {
  display: -webkit-inline-box;
  display: -webkit-inline-flex;
  display: -ms-inline-flexbox;
  display: inline-flex;
  -webkit-align-items: center;
  -webkit-box-align: center;
  -ms-flex-align: center;
  align-items: center;
  -webkit-box-pack: center;
  -ms-flex-pack: center;
  -webkit-justify-content: center;
  justify-content: center;
  position: relative;
  box-sizing: border-box;
  -webkit-tap-highlight-color: transparent;
  background-color: transparent;
  outline: 0;
  border: 0;
  margin: 0;
  border-radius: 0;
  padding: 0;
  cursor: pointer;
  -webkit-user-select: none;
  -moz-user-select: none;
  -ms-user-select: none;
  user-select: none;
  vertical-align: middle;
  -moz-appearance: none;
  -webkit-appearance: none;
  -webkit-text-decoration: none;
  text-decoration: none;
  color: inherit;
  font-family: "Roboto","Helvetica","Arial",sans-serif;
  font-weight: 500;
  font-size: 0.875rem;
  line-height: 1.75;
  letter-spacing: 0.02857em;
  text-transform: uppercase;
  min-height: 36px;
  -webkit-transition: background-color 250ms cubic-bezier(0.4, 0, 0.2, 1) 0ms,box-shadow 250ms cubic-bezier(0.4, 0, 0.2, 1) 0ms,border-color 250ms cubic-bezier(0.4, 0, 0.2, 1) 0ms;
  transition: background-color 250ms cubic-bezier(0.4, 0, 0.2, 1) 0ms,box-shadow 250ms cubic-bezier(0.4, 0, 0.2, 1) 0ms,border-color 250ms cubic-bezier(0.4, 0, 0.2, 1) 0ms;
  border-radius: 50%;
  padding: 0;
  min-width: 0;
  width: 56px;
  height: 56px;
  z-index: 1050;
  box-shadow: 0px 3px 5px -1px rgba(0,0,0,0.2),0px 6px 10px 0px rgba(0,0,0,0.14),0px 1px 18px 0px rgba(0,0,0,0.12);
  color: rgba(0, 0, 0, 0.87);
  background-color: #e0e0e0;
  color: #fff;
  background-color: #1976d2;
  pointer-events: auto;
}

.emotion-74::-moz-focus-inner {
  border-style: none;
}

.emotion-74.Mui-disabled {
  pointer-events: none;
  cursor: default;
}

@media print {
  .emotion-74 {
    -webkit-print-color-adjust: exact;
    color-adjust: exact;
  }
}

.emotion-74:active {
  box-shadow: 0px 7px 8px -4px rgba(0,0,0,0.2),0px 12px 17px 2px rgba(0,0,0,0.14),0px 5px 22px 4px rgba(0,0,0,0.12);
}

.emotion-74:hover {
  background-color: #f5f5f5;
  -webkit-text-decoration: none;
  text-decoration: none;
}

@media (hover: none) {
  .emotion-74:hover {
    background-color: #e0e0e0;
  }
}

.emotion-74.Mui-focusVisible {
  box-shadow: 0px 3px 5px -1px rgba(0,0,0,0.2),0px 6px 10px 0px rgba(0,0,0,0.14),0px 1px 18px 0px rgba(0,0,0,0.12);
}

.emotion-74:hover {
  background-color: #1565c0;
}

@media (hover: none) {
  .emotion-74:hover {
    background-color: #1976d2;
  }
}

.emotion-74.Mui-disabled {
  color: rgba(0, 0, 0, 0.26);
  box-shadow: none;
  background-color: rgba(0, 0, 0, 0.12);
}

.emotion-75 {
  height: 24px;
}

.emotion-75 .MuiSpeedDialIcon-icon {
  -webkit-transition: -webkit-transform 250ms cubic-bezier(0.4, 0, 0.2, 1) 0ms,opacity 250ms cubic-bezier(0.4, 0, 0.2, 1) 0ms;
  transition: transform 250ms cubic-bezier(0.4, 0, 0.2, 1) 0ms,opacity 250ms cubic-bezier(0.4, 0, 0.2, 1) 0ms;
}

.emotion-75 .MuiSpeedDialIcon-openIcon {
  position: absolute;
  -webkit-transition: -webkit-transform 250ms cubic-bezier(0.4, 0, 0.2, 1) 0ms,opacity 250ms cubic-bezier(0.4, 0, 0.2, 1) 0ms;
  transition: transform 250ms cubic-bezier(0.4, 0, 0.2, 1) 0ms,opacity 250ms cubic-bezier(0.4, 0, 0.2, 1) 0ms;
  opacity: 0;
  -webkit-transform: rotate(-45deg);
  -moz-transform: rotate(-45deg);
  -ms-transform: rotate(-45deg);
  transform: rotate(-45deg);
}

.emotion-77 {
  display: -webkit-box;
  display: -webkit-flex;
  display: -ms-flexbox;
  display: flex;
  pointer-events: auto;
  -webkit-transition: top 0s linear 0.2s;
  transition: top 0s linear 0.2s;
  pointer-events: none;
}

.emotion-78 {
  position: relative;
  display: -webkit-box;
  display: -webkit-flex;
  display: -ms-flexbox;
  display: flex;
  -webkit-align-items: center;
  -webkit-box-align: center;
  -ms-flex-align: center;
  align-items: center;
}

.emotion-78 .MuiSpeedDialAction-staticTooltipLabel {
  -webkit-transition: -webkit-transform 200ms cubic-bezier(0.4, 0, 0.2, 1) 0ms,opacity 200ms cubic-bezier(0.4, 0, 0.2, 1) 0ms;
  transition: transform 200ms cubic-bezier(0.4, 0, 0.2, 1) 0ms,opacity 200ms cubic-bezier(0.4, 0, 0.2, 1) 0ms;
  opacity: 1;
}

.emotion-78 .MuiSpeedDialAction-staticTooltipLabel {
  opacity: 0;
  -webkit-transform: scale(0.5);
  -moz-transform: scale(0.5);
  -ms-transform: scale(0.5);
  transform: scale(0.5);
}

.emotion-78 .MuiSpeedDialAction-staticTooltipLabel {
  transform-origin: 100% 50%;
  right: 100%;
  margin-right: 8px;
}

.emotion-79 {
  position: absolute;
  font-family: "Roboto","Helvetica","Arial",sans-serif;
  font-weight: 400;
  font-size: 1rem;
  line-height: 1.5;
  letter-spacing: 0.00938em;
  background-color: #fff;
  border-radius: 4px;
  box-shadow: 0px 2px 1px -1px rgba(0,0,0,0.2),0px 1px 1px 0px rgba(0,0,0,0.14),0px 1px 3px 0px rgba(0,0,0,0.12);
  color: rgba(0, 0, 0, 0.6);
  padding: 4px 16px;
  word-break: keep-all;
}

.emotion-80 {
  display: -webkit-inline-box;
  display: -webkit-inline-flex;
  display: -ms-inline-flexbox;
  display: inline-flex;
  -webkit-align-items: center;
  -webkit-box-align: center;
  -ms-flex-align: center;
  align-items: center;
  -webkit-box-pack: center;
  -ms-flex-pack: center;
  -webkit-justify-content: center;
  justify-content: center;
  position: relative;
  box-sizing: border-box;
  -webkit-tap-highlight-color: transparent;
  background-color: transparent;
  outline: 0;
  border: 0;
  margin: 0;
  border-radius: 0;
  padding: 0;
  cursor: pointer;
  -webkit-user-select: none;
  -moz-user-select: none;
  -ms-user-select: none;
  user-select: none;
  vertical-align: middle;
  -moz-appearance: none;
  -webkit-appearance: none;
  -webkit-text-decoration: none;
  text-decoration: none;
  color: inherit;
  font-family: "Roboto","Helvetica","Arial",sans-serif;
  font-weight: 500;
  font-size: 0.875rem;
  line-height: 1.75;
  letter-spacing: 0.02857em;
  text-transform: uppercase;
  min-height: 36px;
  -webkit-transition: background-color 250ms cubic-bezier(0.4, 0, 0.2, 1) 0ms,box-shadow 250ms cubic-bezier(0.4, 0, 0.2, 1) 0ms,border-color 250ms cubic-bezier(0.4, 0, 0.2, 1) 0ms;
  transition: background-color 250ms cubic-bezier(0.4, 0, 0.2, 1) 0ms,box-shadow 250ms cubic-bezier(0.4, 0, 0.2, 1) 0ms,border-color 250ms cubic-bezier(0.4, 0, 0.2, 1) 0ms;
  border-radius: 50%;
  padding: 0;
  min-width: 0;
  width: 56px;
  height: 56px;
  z-index: 1050;
  box-shadow: 0px 3px 5px -1px rgba(0,0,0,0.2),0px 6px 10px 0px rgba(0,0,0,0.14),0px 1px 18px 0px rgba(0,0,0,0.12);
  color: rgba(0, 0, 0, 0.87);
  background-color: #e0e0e0;
  width: 40px;
  height: 40px;
  margin: 8px;
  color: rgba(0, 0, 0, 0.6);
  background-color: #fff;
  -webkit-transition: -webkit-transform 200ms cubic-bezier(0.4, 0, 0.2, 1) 0ms,opacity 0.8s;
  transition: transform 200ms cubic-bezier(0.4, 0, 0.2, 1) 0ms,opacity 0.8s;
  opacity: 1;
  opacity: 0;
  -webkit-transform: scale(0);
  -moz-transform: scale(0);
  -ms-transform: scale(0);
  transform: scale(0);
}

.emotion-80::-moz-focus-inner {
  border-style: none;
}

.emotion-80.Mui-disabled {
  pointer-events: none;
  cursor: default;
}

@media print {
  .emotion-80 {
    -webkit-print-color-adjust: exact;
    color-adjust: exact;
  }
}

.emotion-80:active {
  box-shadow: 0px 7px 8px -4px rgba(0,0,0,0.2),0px 12px 17px 2px rgba(0,0,0,0.14),0px 5px 22px 4px rgba(0,0,0,0.12);
}

.emotion-80:hover {
  background-color: #f5f5f5;
  -webkit-text-decoration: none;
  text-decoration: none;
}

@media (hover: none) {
  .emotion-80:hover {
    background-color: #e0e0e0;
  }
}

.emotion-80.Mui-focusVisible {
  box-shadow: 0px 3px 5px -1px rgba(0,0,0,0.2),0px 6px 10px 0px rgba(0,0,0,0.14),0px 1px 18px 0px rgba(0,0,0,0.12);
}

.emotion-80.Mui-disabled {
  color: rgba(0, 0, 0, 0.26);
  box-shadow: none;
  background-color: rgba(0, 0, 0, 0.12);
}

.emotion-80:hover {
  background-color: rgb(216, 216, 216);
}

<div
  aria-modal="true"
  class="MuiPaper-root MuiPaper-elevation MuiPaper-elevation16 MuiDrawer-paper emotion-0"
  role="dialog"
  style="--Paper-shadow: 0px 8px 10px -5px rgba(0,0,0,0.2),0px 16px 24px 2px rgba(0,0,0,0.14),0px 6px 30px 5px rgba(0,0,0,0.12);"
  tabindex="-1"
>
  <div
    class="flexbox margin-bottom-small space-between relative"
  >
    <div
      class="flexbox align-items-center"
    >
      <div
        class="MuiTypography-root MuiTypography-subtitle1 capitalized-start flexbox align-items-center emotion-1"
      >
        Manifest information for 
        <span
          class="margin-left-small"
        >
          m1000
        </span>
      </div>
      <button
        aria-label="Copy link"
        class="MuiButtonBase-root MuiIconButton-root MuiIconButton-sizeLarge emotion-2"
        data-mui-internal-clone-element="true"
        tabindex="0"
        type="button"
      >
        <svg
          aria-hidden="true"
          class="MuiSvgIcon-root MuiSvgIcon-fontSizeMedium emotion-3"
          data-testid="LinkIcon"
          focusable="false"
          viewBox="0 0 24 24"
        >
          <path
            d="M3.9 12c0-1.71 1.39-3.1 3.1-3.1h4V7H7c-2.76 0-5 2.24-5 5s2.24 5 5 5h4v-1.9H7c-1.71 0-3.1-1.39-3.1-3.1M8 13h8v-2H8zm9-6h-4v1.9h4c1.71 0 3.1 1.39 3.1 3.1s-1.39 3.1-3.1 3.1h-4V17h4c2.76 0 5-2.24 5-5s-2.24-5-5-5"
          />
        </svg>
      </button>
    </div>
    <div
      class="flexbox align-items-center relative"
    >
      <p
        class="MuiTypography-root MuiTypography-body2 margin-right-x-small emotion-4"
      >
        Last modified:
      </p>
      <time
        aria-label="Wed Jan 01 2020 00:16:39 GMT+0000"
        class="MuiTypography-root MuiTypography-body2 emotion-4"
        data-mui-internal-clone-element="true"
        datetime="2020-01-01T00:16:39.000Z"
      >
        in a year
      </time>
      <button
        aria-label="close"
        class="MuiButtonBase-root MuiIconButton-root MuiIconButton-sizeLarge margin-left-small emotion-2"
        tabindex="0"
        type="button"
      >
        <svg
          aria-hidden="true"
          class="MuiSvgIcon-root MuiSvgIcon-fontSizeMedium emotion-3"
          data-testid="CloseIcon"
          focusable="false"
          viewBox="0 0 24 24"
        >
          <path
            d="M19 6.41 17.59 5 12 10.59 6.41 5 5 6.41 10.59 12 5 17.59 6.41 19 12 13.41 17.59 19 19 17.59 13.41 12z"
          />
        </svg>
      </button>
    </div>
  </div>
  <hr
    class="MuiDivider-root MuiDivider-fullWidth margin-top-x-small margin-bottom-small emotion-8"
  />
  <div
    class="break-all two-columns emotion-9 column-data "
  >
    <h6
      class="MuiTypography-root MuiTypography-subtitle2 key emotion-10"
      style="white-space: nowrap;"
    >
      ID
    </h6>
    <div
      class="flexbox align-items-center "
    >
      <p
        class="MuiTypography-root MuiTypography-body2 emotion-4"
        style="display: -webkit-box; -webkit-line-clamp: 5; -webkit-box-orient: vertical; overflow: hidden; word-break: break-word; text-overflow: ellipsis;"
        title="art-m1000"
      >
        art-m1000
      </p>
    </div>
    <h6
      class="MuiTypography-root MuiTypography-subtitle2 key emotion-10"
      style="white-space: nowrap;"
    >
      Name
    </h6>
    <div
      class="flexbox align-items-center "
    >
      <p
        class="MuiTypography-root MuiTypography-body2 emotion-4"
        style="display: -webkit-box; -webkit-line-clamp: 5; -webkit-box-orient: vertical; overflow: hidden; word-break: break-word; text-overflow: ellipsis;"
        title="m1000"
      >
        m1000
      </p>
    </div>
    <h6
      class="MuiTypography-root MuiTypography-subtitle2 key emotion-10"
      style="white-space: nowrap;"
    >
      Compatible types
    </h6>
    <div
      class="flexbox align-items-center "
    >
      <p
        class="MuiTypography-root MuiTypography-body2 emotion-4"
        style="display: -webkit-box; -webkit-line-clamp: 5; -webkit-box-orient: vertical; overflow: hidden; word-break: break-word; text-overflow: ellipsis;"
        title="qemux86-64"
      >
        qemux86-64
      </p>
    </div>
    <h6
      class="MuiTypography-root MuiTypography-subtitle2 key emotion-10"
      style="white-space: nowrap;"
    >
      Installed on
    </h6>
    <div
      class="flexbox align-items-center "
    >
      <p
        class="MuiTypography-root MuiTypography-body2 emotion-4"
        style="display: -webkit-box; -webkit-line-clamp: 5; -webkit-box-orient: vertical; overflow: hidden; word-break: break-word; text-overflow: ellipsis;"
        title="0 devices"
      >
        0 devices
      </p>
    </div>
    <h6
      class="MuiTypography-root MuiTypography-subtitle2 key emotion-10"
      style="white-space: nowrap;"
    >
      Signature
    </h6>
    <div
      class="flexbox align-items-center "
    >
      <div
        class="MuiTypography-root MuiTypography-body2 emotion-4"
        style="display: -webkit-box; -webkit-line-clamp: 5; -webkit-box-orient: vertical; overflow: hidden; word-break: break-word; text-overflow: ellipsis;"
      >
        <div
          class="flexbox align-items-center"
        >
          <svg
            aria-hidden="true"
            class="MuiSvgIcon-root MuiSvgIcon-fontSizeMedium red margin-right-x-small emotion-3"
            data-testid="GppBadOutlinedIcon"
            focusable="false"
            viewBox="0 0 24 24"
          >
            <path
              d="M12 2 4 5v6.09c0 5.05 3.41 9.76 8 10.91 4.59-1.15 8-5.86 8-10.91V5zm6 9.09c0 4-2.55 7.7-6 8.83-3.45-1.13-6-4.82-6-8.83v-4.7l6-2.25 6 2.25zM9.91 8.5 8.5 9.91 10.59 12 8.5 14.09l1.41 1.41L12 13.42l2.09 2.08 1.41-1.41L13.42 12l2.08-2.09-1.41-1.41L12 10.59z"
            />
          </svg>
          <p
            class="MuiTypography-root MuiTypography-body2 emotion-4"
          >
            Unsigned
          </p>
        </div>
      </div>
    </div>
  </div>
  <div
    class="margin-bottom margin-top-medium "
  >
    <div
      class="flexbox space-between"
    >
      <div
        class="margin-bottom-small emotion-22"
      >
        <h6
          class="MuiTypography-root MuiTypography-subtitle1 emotion-1"
        >
          Notes
        </h6>
      </div>
    </div>
    <div
      class="flexbox"
      style="align-items: end;"
    >
      <div
        class=" margin-right emotion-24"
      >
        <div
          class="MuiListItem-root attributes MuiListItem-dense MuiListItem-padding MuiListItem-divider emotion-25"
        >
          <div
            class="MuiListItemText-root MuiListItemText-dense emotion-26"
          >
            <span
              class="MuiTypography-root MuiTypography-body2 MuiListItemText-primary emotion-4"
            />
            <div
              class="MuiTypography-root MuiTypography-body2 MuiListItemText-secondary emotion-28"
              title="Add notes here"
            >
              <span
                class="emotion-29"
              >
                Add notes here
              </span>
               
            </div>
          </div>
        </div>
      </div>
      <button
        class="MuiButtonBase-root MuiButton-root MuiButton-text MuiButton-sizeSmall MuiButton-colorInherit MuiButton-root MuiButton-text MuiButton-sizeSmall MuiButton-colorInherit emotion-30"
        style="padding: 5px;"
        tabindex="0"
        type="button"
      >
        <span
          class="MuiButton-icon MuiButton-startIcon emotion-31"
        >
          <svg
            aria-hidden="true"
            class="MuiSvgIcon-root MuiSvgIcon-fontSizeMedium emotion-3"
            data-testid="EditIcon"
            focusable="false"
            viewBox="0 0 24 24"
          >
            <path
              d="M3 17.25V21h3.75L17.81 9.94l-3.75-3.75zM20.71 7.04c.39-.39.39-1.02 0-1.41l-2.34-2.34a.996.996 0 0 0-1.41 0l-1.83 1.83 3.75 3.75z"
            />
          </svg>
        </span>
        Edit
      </button>
    </div>
  </div>
  <div
    class="margin-bottom margin-top-medium "
  >
    <div
      class="flexbox space-between"
    >
      <div
        class="margin-bottom-small emotion-22"
      >
        <h6
          class="MuiTypography-root MuiTypography-subtitle1 emotion-1"
        >
          Tags
        </h6>
        <button
          class="MuiButtonBase-root MuiButton-root MuiButton-text MuiButton-sizeSmall MuiButton-colorInherit MuiButton-root MuiButton-text MuiButton-sizeSmall MuiButton-colorInherit emotion-30"
          style="padding: 5px;"
          tabindex="0"
          type="button"
        >
          <span
            class="MuiButton-icon MuiButton-startIcon emotion-31"
          >
            <svg
              aria-hidden="true"
              class="MuiSvgIcon-root MuiSvgIcon-fontSizeMedium emotion-3"
              data-testid="EditIcon"
              focusable="false"
              viewBox="0 0 24 24"
            >
              <path
                d="M3 17.25V21h3.75L17.81 9.94l-3.75-3.75zM20.71 7.04c.39-.39.39-1.02 0-1.41l-2.34-2.34a.996.996 0 0 0-1.41 0l-1.83 1.83 3.75 3.75z"
              />
            </svg>
          </span>
          Edit
        </button>
      </div>
    </div>
    <div
      class="flexbox"
      style="align-items: center;"
    >
      <form
        novalidate=""
      >
        <div
          class="MuiAutocomplete-root emotion-38"
          name="tags"
        >
          <div
            class="MuiFormControl-root MuiFormControl-fullWidth MuiTextField-root emotion-39"
          >
            <div
              class="MuiInputBase-root MuiInput-root MuiInput-underline MuiInputBase-colorPrimary MuiInputBase-fullWidth MuiInputBase-formControl MuiAutocomplete-inputRoot emotion-40"
            >
              <input
                aria-autocomplete="list"
                aria-expanded="false"
                aria-invalid="false"
                autocapitalize="none"
                autocomplete="off"
                class="MuiInputBase-input MuiInput-input MuiAutocomplete-input MuiAutocomplete-inputFocused emotion-41"
                id="tags-chip-select"
                placeholder=""
                readonly=""
                role="combobox"
                spellcheck="false"
                type="text"
                value=""
              />
            </div>
          </div>
        </div>
      </form>
    </div>
  </div>
  <div
    class="margin-bottom margin-top-medium "
  >
    <div
      class="flexbox space-between"
    >
      <div
        class="margin-bottom-small emotion-22"
      >
        <h6
          class="MuiTypography-root MuiTypography-subtitle1 emotion-1"
        >
          Component types:
        </h6>
      </div>
    </div>
    <table
      class="MuiTable-root margin-bottom emotion-44"
    >
      <thead
        class="MuiTableHead-root emotion-45"
      >
        <tr
          class="MuiTableRow-root MuiTableRow-head emotion-46"
        >
          <th
            class="MuiTableCell-root MuiTableCell-head MuiTableCell-sizeMedium columnHeader emotion-47"
            scope="col"
          >
            Type
            <svg
              aria-hidden="true"
              class="MuiSvgIcon-root MuiSvgIcon-colorAction MuiSvgIcon-fontSizeMedium sortIcon emotion-48"
              data-testid="ArrowUpwardIcon"
              focusable="false"
              viewBox="0 0 24 24"
            >
              <path
                d="m4 12 1.41 1.41L11 7.83V20h2V7.83l5.58 5.59L20 12l-8-8z"
              />
            </svg>
          </th>
          <th
            class="MuiTableCell-root MuiTableCell-head MuiTableCell-sizeMedium columnHeader emotion-47"
            scope="col"
          >
            Release
            <svg
              aria-hidden="true"
              class="MuiSvgIcon-root MuiSvgIcon-colorAction MuiSvgIcon-fontSizeMedium sortIcon emotion-48"
              data-testid="ArrowUpwardIcon"
              focusable="false"
              viewBox="0 0 24 24"
            >
              <path
                d="m4 12 1.41 1.41L11 7.83V20h2V7.83l5.58 5.59L20 12l-8-8z"
              />
            </svg>
          </th>
          <th
            class="MuiTableCell-root MuiTableCell-head MuiTableCell-alignRight MuiTableCell-sizeMedium columnHeader emotion-51"
            scope="col"
          >
            Order
            <svg
              aria-hidden="true"
              class="MuiSvgIcon-root MuiSvgIcon-colorAction MuiSvgIcon-fontSizeMedium sortIcon emotion-48"
              data-testid="ArrowUpwardIcon"
              focusable="false"
              viewBox="0 0 24 24"
            >
              <path
                d="m4 12 1.41 1.41L11 7.83V20h2V7.83l5.58 5.59L20 12l-8-8z"
              />
            </svg>
          </th>
        </tr>
      </thead>
      <tbody
        class="MuiTableBody-root emotion-53"
      >
        <tr
          class="MuiTableRow-root MuiTableRow-hover emotion-46"
        >
          <td
            class="MuiTableCell-root MuiTableCell-body MuiTableCell-sizeMedium relative padding-right-large emotion-55"
          >
            component-a
          </td>
          <td
            class="MuiTableCell-root MuiTableCell-body MuiTableCell-sizeMedium relative padding-right-large emotion-55"
          >
            <button
              class="MuiTypography-root MuiTypography-inherit MuiLink-root MuiLink-underlineAlways MuiLink-button emotion-57"
            >
              art-m1000-component
            </button>
          </td>
          <td
            class="MuiTableCell-root MuiTableCell-body MuiTableCell-alignRight MuiTableCell-sizeMedium relative padding-right-large emotion-58"
          >
            10
          </td>
        </tr>
      </tbody>
    </table>
    <div
      class="flexbox"
    >
      <div
        class="MuiTablePagination-root flexbox margin-top margin-top-none emotion-59"
      >
        <div
          class="MuiToolbar-root MuiToolbar-gutters MuiToolbar-regular MuiTablePagination-toolbar emotion-60"
        >
          <div
            class="MuiTablePagination-spacer flexbox no-basis emotion-61"
          />
          <p
            class="MuiTablePagination-selectLabel emotion-62"
            id="_r_a_"
          >
            Rows per page:
          </p>
          <div
            class="MuiInputBase-root MuiInputBase-colorPrimary MuiTablePagination-select MuiSelect-root MuiTablePagination-input emotion-63"
          >
            <div
              aria-expanded="false"
              aria-haspopup="listbox"
              aria-labelledby="_r_a_ _r_9_"
              class="MuiSelect-select MuiTablePagination-select MuiSelect-standard MuiInputBase-input emotion-64"
              id="_r_9_"
              role="combobox"
              tabindex="0"
            >
              10
            </div>
            <input
              aria-hidden="true"
              aria-invalid="false"
              class="MuiSelect-nativeInput emotion-65"
              id="_r_c_"
              name="pagination"
              tabindex="-1"
              value="10"
            />
            <svg
              aria-hidden="true"
              class="MuiSvgIcon-root MuiSvgIcon-fontSizeMedium MuiSelect-icon MuiTablePagination-selectIcon emotion-66"
              data-testid="ArrowDropDownIcon"
              focusable="false"
              viewBox="0 0 24 24"
            >
              <path
                d="M7 10l5 5 5-5z"
              />
            </svg>
          </div>
          <p
            class="MuiTablePagination-displayedRows emotion-67"
          />
          <div>
            1-1 of 1
          </div>
          <button
            aria-label="prev"
            class="MuiButtonBase-root Mui-disabled MuiIconButton-root Mui-disabled MuiIconButton-sizeLarge margin-left-small emotion-2"
            disabled=""
            tabindex="-1"
            type="button"
          >
            <svg
              aria-hidden="true"
              class="MuiSvgIcon-root MuiSvgIcon-fontSizeMedium emotion-3"
              data-testid="KeyboardArrowLeftIcon"
              focusable="false"
              viewBox="0 0 24 24"
            >
              <path
                d="M15.41 16.59 10.83 12l4.58-4.59L14 6l-6 6 6 6z"
              />
            </svg>
          </button>
          <div>
            <button
              aria-label="next"
              class="MuiButtonBase-root Mui-disabled MuiIconButton-root Mui-disabled MuiIconButton-sizeLarge emotion-2"
              disabled=""
              tabindex="-1"
              type="button"
            >
              <svg
                aria-hidden="true"
                class="MuiSvgIcon-root MuiSvgIcon-fontSizeMedium emotion-3"
                data-testid="KeyboardArrowRightIcon"
                focusable="false"
                viewBox="0 0 24 24"
              >
                <path
                  d="M8.59 16.59 13.17 12 8.59 7.41 10 6l6 6-6 6z"
                />
              </svg>
            </button>
          </div>
        </div>
      </div>
    </div>
  </div>
  <div
    class="emotion-72"
  >
    <div
      class="MuiSpeedDial-root MuiSpeedDial-directionUp emotion-73"
      role="presentation"
    >
      <button
        aria-controls="manifest-actions-actions"
        aria-expanded="false"
        aria-haspopup="true"
        aria-label="manifest-actions"
        class="MuiButtonBase-root MuiFab-root MuiFab-circular MuiFab-sizeLarge MuiFab-primary MuiFab-root MuiFab-circular MuiFab-sizeLarge MuiFab-primary MuiSpeedDial-fab emotion-74"
        style="transform: none; transition: transform 225ms cubic-bezier(0.4, 0, 0.2, 1) 0ms;"
        tabindex="0"
        type="button"
      >
        <span
          class="MuiSpeedDialIcon-root emotion-75"
        >
          <svg
            aria-hidden="true"
            class="MuiSvgIcon-root MuiSvgIcon-fontSizeMedium MuiSpeedDialIcon-icon emotion-3"
            data-testid="AddIcon"
            focusable="false"
            viewBox="0 0 24 24"
          >
            <path
              d="M19 13h-6v6h-2v-6H5v-2h6V5h2v6h6v2z"
            />
          </svg>
        </span>
      </button>
      <div
        aria-orientation="vertical"
        class="MuiSpeedDial-actions MuiSpeedDial-actionsClosed emotion-77"
        id="manifest-actions-actions"
        role="menu"
      >
        <span
          aria-label="deploy"
          class="MuiSpeedDialAction-staticTooltip MuiSpeedDialAction-tooltipPlacementLeft MuiSpeedDialAction-staticTooltipClosed emotion-78"
          id="manifest-actions-action-0"
        >
          <span
            class="MuiSpeedDialAction-staticTooltipLabel emotion-79"
            id="manifest-actions-action-0-label"
            style="transition-delay: 120ms;"
          >
            Create a deployment for this Manifest
          </span>
          <button
            aria-labelledby="manifest-actions-action-0-label"
            class="MuiButtonBase-root MuiFab-root MuiFab-circular MuiFab-sizeSmall MuiFab-default MuiFab-root MuiFab-circular MuiFab-sizeSmall MuiFab-default MuiSpeedDialAction-fab MuiSpeedDialAction-fabClosed emotion-80"
            role="menuitem"
            style="transition-delay: 120ms;"
            tabindex="-1"
            type="button"
          >
            <svg
              aria-hidden="true"
              class="MuiSvgIcon-root MuiSvgIcon-fontSizeMedium emotion-3"
              data-testid="ReplayIcon"
              focusable="false"
              viewBox="0 0 24 24"
            >
              <path
                d="M12 5V1L7 6l5 5V7c3.31 0 6 2.69 6 6s-2.69 6-6 6-6-2.69-6-6H4c0 4.42 3.58 8 8 8s8-3.58 8-8-3.58-8-8-8"
              />
            </svg>
          </button>
        </span>
        <span
          aria-label="copy"
          class="MuiSpeedDialAction-staticTooltip MuiSpeedDialAction-tooltipPlacementLeft MuiSpeedDialAction-staticTooltipClosed emotion-78"
          id="manifest-actions-action-1"
        >
          <span
            class="MuiSpeedDialAction-staticTooltipLabel emotion-79"
            id="manifest-actions-action-1-label"
            style="transition-delay: 90ms;"
          >
            Create a copy from this Manifest
          </span>
          <button
            aria-labelledby="manifest-actions-action-1-label"
            class="MuiButtonBase-root MuiFab-root MuiFab-circular MuiFab-sizeSmall MuiFab-default MuiFab-root MuiFab-circular MuiFab-sizeSmall MuiFab-default MuiSpeedDialAction-fab MuiSpeedDialAction-fabClosed emotion-80"
            role="menuitem"
            style="transition-delay: 90ms;"
            tabindex="-1"
            type="button"
          >
            <svg
              aria-hidden="true"
              class="MuiSvgIcon-root MuiSvgIcon-fontSizeMedium emotion-3"
              data-testid="FileCopyOutlinedIcon"
              focusable="false"
              viewBox="0 0 24 24"
            >
              <path
                d="M16 1H4c-1.1 0-2 .9-2 2v14h2V3h12zm-1 4H8c-1.1 0-1.99.9-1.99 2L6 21c0 1.1.89 2 1.99 2H19c1.1 0 2-.9 2-2V11zM8 21V7h6v5h5v9z"
              />
            </svg>
          </button>
        </span>
        <span
          aria-label="download"
          class="MuiSpeedDialAction-staticTooltip MuiSpeedDialAction-tooltipPlacementLeft MuiSpeedDialAction-staticTooltipClosed emotion-78"
          id="manifest-actions-action-2"
        >
          <span
            class="MuiSpeedDialAction-staticTooltipLabel emotion-79"
            id="manifest-actions-action-2-label"
            style="transition-delay: 60ms;"
          >
            Download Manifest (.mender file)
          </span>
          <button
            aria-labelledby="manifest-actions-action-2-label"
            class="MuiButtonBase-root MuiFab-root MuiFab-circular MuiFab-sizeSmall MuiFab-default MuiFab-root MuiFab-circular MuiFab-sizeSmall MuiFab-default MuiSpeedDialAction-fab MuiSpeedDialAction-fabClosed emotion-80"
            role="menuitem"
            style="transition-delay: 60ms;"
            tabindex="-1"
            type="button"
          >
            <svg
              aria-hidden="true"
              class="MuiSvgIcon-root MuiSvgIcon-fontSizeMedium emotion-3"
              data-testid="FileDownloadIcon"
              focusable="false"
              viewBox="0 0 24 24"
            >
              <path
                d="M19 9h-4V3H9v6H5l7 7zM5 18v2h14v-2z"
              />
            </svg>
          </button>
        </span>
        <span
          aria-label="delete"
          class="MuiSpeedDialAction-staticTooltip MuiSpeedDialAction-tooltipPlacementLeft MuiSpeedDialAction-staticTooltipClosed emotion-78"
          id="manifest-actions-action-3"
        >
          <span
            class="MuiSpeedDialAction-staticTooltipLabel emotion-79"
            id="manifest-actions-action-3-label"
            style="transition-delay: 30ms;"
          >
            Delete Manifest
          </span>
          <button
            aria-labelledby="manifest-actions-action-3-label"
            class="MuiButtonBase-root MuiFab-root MuiFab-circular MuiFab-sizeSmall MuiFab-default MuiFab-root MuiFab-circular MuiFab-sizeSmall MuiFab-default MuiSpeedDialAction-fab MuiSpeedDialAction-fabClosed emotion-80"
            role="menuitem"
            style="transition-delay: 30ms;"
            tabindex="-1"
            type="button"
          >
            <svg
              aria-hidden="true"
              class="MuiSvgIcon-root MuiSvgIcon-fontSizeMedium red emotion-3"
              data-testid="HighlightOffOutlinedIcon"
              focusable="false"
              viewBox="0 0 24 24"
            >
              <path
                d="M14.59 8 12 10.59 9.41 8 8 9.41 10.59 12 8 14.59 9.41 16 12 13.41 14.59 16 16 14.59 13.41 12 16 9.41zM12 2C6.47 2 2 6.47 2 12s4.47 10 10 10 10-4.47 10-10S17.53 2 12 2m0 18c-4.41 0-8-3.59-8-8s3.59-8 8-8 8 3.59 8 8-3.59 8-8 8"
              />
            </svg>
          </button>
        </span>
      </div>
    </div>
  </div>
</div>
`;
