// Vitest Snapshot v1, https://vitest.dev/guide/snapshot.html

exports[`LastChangedNote Component > renders correctly 1`] = `
.emotion-0 {
  margin: 0;
  font-family: "Roboto","Helvetica","Arial",sans-serif;
  font-weight: 400;
  font-size: 0.875rem;
  line-height: 1.43;
  letter-spacing: 0.01071em;
  color: rgba(0, 0, 0, 0.6);
}

<p
  class="MuiTypography-root MuiTypography-body2 emotion-0"
>
  Last changed: 
  <time
    datetime="2019-01-01T09:25:00+00:00"
  >
    2019-01-01 09:25
  </time>
</p>
`;
