// Vitest Snapshot v1, https://vitest.dev/guide/snapshot.html

exports[`List component > renders correctly 1`] = `
.emotion-0 .MuiTypography-body1 {
  font-weight: 500;
}

.emotion-1 {
  display: -webkit-inline-box;
  display: -webkit-inline-flex;
  display: -ms-inline-flexbox;
  display: inline-flex;
  -webkit-align-items: center;
  -webkit-box-align: center;
  -ms-flex-align: center;
  align-items: center;
  -webkit-box-pack: center;
  -ms-flex-pack: center;
  -webkit-justify-content: center;
  justify-content: center;
  position: relative;
  box-sizing: border-box;
  -webkit-tap-highlight-color: transparent;
  background-color: transparent;
  outline: 0;
  border: 0;
  margin: 0;
  border-radius: 0;
  padding: 0;
  cursor: pointer;
  -webkit-user-select: none;
  -moz-user-select: none;
  -ms-user-select: none;
  user-select: none;
  vertical-align: middle;
  -moz-appearance: none;
  -webkit-appearance: none;
  -webkit-text-decoration: none;
  text-decoration: none;
  color: inherit;
  padding: 9px;
  border-radius: 50%;
  color: rgba(0, 0, 0, 0.6);
}

.emotion-1::-moz-focus-inner {
  border-style: none;
}

.emotion-1.Mui-disabled {
  pointer-events: none;
  cursor: default;
}

@media print {
  .emotion-1 {
    -webkit-print-color-adjust: exact;
    color-adjust: exact;
  }
}

.emotion-1:hover {
  background-color: rgba(25, 118, 210, 0.04);
}

.emotion-1.Mui-checked,
.emotion-1.MuiCheckbox-indeterminate {
  color: #1976d2;
}

.emotion-1.Mui-disabled {
  color: rgba(0, 0, 0, 0.26);
}

@media (hover: none) {
  .emotion-1:hover {
    background-color: transparent;
  }
}

.emotion-2 {
  cursor: inherit;
  position: absolute;
  opacity: 0;
  width: 100%;
  height: 100%;
  top: 0;
  left: 0;
  margin: 0;
  padding: 0;
  z-index: 1;
}

.emotion-3 {
  -webkit-user-select: none;
  -moz-user-select: none;
  -ms-user-select: none;
  user-select: none;
  width: 1em;
  height: 1em;
  display: inline-block;
  -webkit-flex-shrink: 0;
  -ms-flex-negative: 0;
  flex-shrink: 0;
  -webkit-transition: fill 200ms cubic-bezier(0.4, 0, 0.2, 1) 0ms;
  transition: fill 200ms cubic-bezier(0.4, 0, 0.2, 1) 0ms;
  fill: currentColor;
  font-size: 1.5rem;
}

.emotion-4 {
  margin: 0;
  font-family: "Roboto","Helvetica","Arial",sans-serif;
  font-weight: 400;
  font-size: 1rem;
  line-height: 1.5;
  letter-spacing: 0.00938em;
}

.emotion-5 {
  cursor: col-resize;
  padding-left: 5px;
  padding-right: 5px;
}

.emotion-6 {
  width: 4px;
  background: initial;
}

.emotion-6.hovering {
  background: #757575;
}

.emotion-6.resizing {
  background: #212121;
}

.emotion-16 {
  display: -webkit-inline-box;
  display: -webkit-inline-flex;
  display: -ms-inline-flexbox;
  display: inline-flex;
  -webkit-align-items: center;
  -webkit-box-align: center;
  -ms-flex-align: center;
  align-items: center;
  -webkit-box-pack: center;
  -ms-flex-pack: center;
  -webkit-justify-content: center;
  justify-content: center;
  position: relative;
  box-sizing: border-box;
  -webkit-tap-highlight-color: transparent;
  background-color: transparent;
  outline: 0;
  border: 0;
  margin: 0;
  border-radius: 0;
  padding: 0;
  cursor: pointer;
  -webkit-user-select: none;
  -moz-user-select: none;
  -ms-user-select: none;
  user-select: none;
  vertical-align: middle;
  -moz-appearance: none;
  -webkit-appearance: none;
  -webkit-text-decoration: none;
  text-decoration: none;
  color: inherit;
  font-family: "Roboto","Helvetica","Arial",sans-serif;
  font-weight: 500;
  font-size: 0.875rem;
  line-height: 1.75;
  letter-spacing: 0.02857em;
  text-transform: uppercase;
  min-width: 64px;
  padding: 6px 16px;
  border: 0;
  border-radius: 4px;
  -webkit-transition: background-color 250ms cubic-bezier(0.4, 0, 0.2, 1) 0ms,box-shadow 250ms cubic-bezier(0.4, 0, 0.2, 1) 0ms,border-color 250ms cubic-bezier(0.4, 0, 0.2, 1) 0ms,color 250ms cubic-bezier(0.4, 0, 0.2, 1) 0ms;
  transition: background-color 250ms cubic-bezier(0.4, 0, 0.2, 1) 0ms,box-shadow 250ms cubic-bezier(0.4, 0, 0.2, 1) 0ms,border-color 250ms cubic-bezier(0.4, 0, 0.2, 1) 0ms,color 250ms cubic-bezier(0.4, 0, 0.2, 1) 0ms;
  padding: 5px 15px;
  border: 1px solid currentColor;
  border-color: var(--variant-outlinedBorder, currentColor);
  background-color: var(--variant-outlinedBg);
  color: var(--variant-outlinedColor);
  --variant-textColor: #0288d1;
  --variant-outlinedColor: #0288d1;
  --variant-outlinedBorder: rgba(2, 136, 209, 0.5);
  --variant-containedColor: #fff;
  --variant-containedBg: #0288d1;
  -webkit-transition: background-color 250ms cubic-bezier(0.4, 0, 0.2, 1) 0ms,box-shadow 250ms cubic-bezier(0.4, 0, 0.2, 1) 0ms,border-color 250ms cubic-bezier(0.4, 0, 0.2, 1) 0ms;
  transition: background-color 250ms cubic-bezier(0.4, 0, 0.2, 1) 0ms,box-shadow 250ms cubic-bezier(0.4, 0, 0.2, 1) 0ms,border-color 250ms cubic-bezier(0.4, 0, 0.2, 1) 0ms;
}

.emotion-16::-moz-focus-inner {
  border-style: none;
}

.emotion-16.Mui-disabled {
  pointer-events: none;
  cursor: default;
}

@media print {
  .emotion-16 {
    -webkit-print-color-adjust: exact;
    color-adjust: exact;
  }
}

.emotion-16:hover {
  -webkit-text-decoration: none;
  text-decoration: none;
}

.emotion-16.Mui-disabled {
  color: rgba(0, 0, 0, 0.26);
}

.emotion-16.Mui-disabled {
  border: 1px solid rgba(0, 0, 0, 0.12);
}

@media (hover: hover) {
  .emotion-16:hover {
    --variant-containedBg: #01579b;
    --variant-textBg: rgba(2, 136, 209, 0.04);
    --variant-outlinedBorder: #0288d1;
    --variant-outlinedBg: rgba(2, 136, 209, 0.04);
  }
}

.emotion-16.MuiButton-loading {
  color: transparent;
}

.emotion-17 {
  overflow: auto;
  color: rgba(0, 0, 0, 0.87);
  font-size: 0.875rem;
}

.emotion-17:last-child {
  padding: 0;
}

.emotion-18 {
  position: relative;
  display: -webkit-box;
  display: -webkit-flex;
  display: -ms-flexbox;
  display: flex;
  -webkit-align-items: center;
  -webkit-box-align: center;
  -ms-flex-align: center;
  align-items: center;
  padding-left: 16px;
  padding-right: 16px;
  min-height: 56px;
  min-height: 52px;
  padding-right: 2px;
}

@media (min-width:600px) {
  .emotion-18 {
    padding-left: 24px;
    padding-right: 24px;
  }
}

@media (min-width:0px) {
  @media (orientation: landscape) {
    .emotion-18 {
      min-height: 48px;
    }
  }
}

@media (min-width:600px) {
  .emotion-18 {
    min-height: 64px;
  }
}

@media (min-width:0px) and (orientation: landscape) {
  .emotion-18 {
    min-height: 52px;
  }
}

@media (min-width:600px) {
  .emotion-18 {
    min-height: 52px;
    padding-right: 2px;
  }
}

.emotion-18 .MuiTablePagination-actions {
  -webkit-flex-shrink: 0;
  -ms-flex-negative: 0;
  flex-shrink: 0;
  margin-left: 20px;
}

.emotion-19 {
  -webkit-flex: 1 1 100%;
  -ms-flex: 1 1 100%;
  flex: 1 1 100%;
}

.emotion-20 {
  font-family: "Roboto","Helvetica","Arial",sans-serif;
  font-weight: 400;
  font-size: 0.875rem;
  line-height: 1.43;
  letter-spacing: 0.01071em;
  -webkit-flex-shrink: 0;
  -ms-flex-negative: 0;
  flex-shrink: 0;
}

.emotion-21 {
  font-family: "Roboto","Helvetica","Arial",sans-serif;
  font-weight: 400;
  font-size: 1rem;
  line-height: 1.4375em;
  letter-spacing: 0.00938em;
  color: rgba(0, 0, 0, 0.87);
  box-sizing: border-box;
  position: relative;
  cursor: text;
  display: -webkit-inline-box;
  display: -webkit-inline-flex;
  display: -ms-inline-flexbox;
  display: inline-flex;
  -webkit-align-items: center;
  -webkit-box-align: center;
  -ms-flex-align: center;
  align-items: center;
  color: inherit;
  font-size: inherit;
  -webkit-flex-shrink: 0;
  -ms-flex-negative: 0;
  flex-shrink: 0;
  margin-right: 32px;
  margin-left: 8px;
}

.emotion-21.Mui-disabled {
  color: rgba(0, 0, 0, 0.38);
  cursor: default;
}

.emotion-21 .MuiTablePagination-select {
  padding-left: 8px;
  padding-right: 24px;
  text-align: right;
  -webkit-text-align-last: right;
  text-align-last: right;
}

.emotion-22 {
  -moz-appearance: none;
  -webkit-appearance: none;
  -webkit-user-select: none;
  -moz-user-select: none;
  -ms-user-select: none;
  user-select: none;
  border-radius: 0;
  cursor: pointer;
  font: inherit;
  letter-spacing: inherit;
  color: currentColor;
  padding: 4px 0 5px;
  border: 0;
  box-sizing: content-box;
  background: none;
  height: 1.4375em;
  margin: 0;
  -webkit-tap-highlight-color: transparent;
  display: block;
  min-width: 0;
  width: 100%;
  -webkit-animation-name: mui-auto-fill-cancel;
  animation-name: mui-auto-fill-cancel;
  -webkit-animation-duration: 10ms;
  animation-duration: 10ms;
}

.emotion-22:focus {
  border-radius: 0;
}

.emotion-22.Mui-disabled {
  cursor: default;
}

.emotion-22[multiple] {
  height: auto;
}

.emotion-22:not([multiple]) option,
.emotion-22:not([multiple]) optgroup {
  background-color: #fff;
}

.emotion-22.emotion-22.emotion-22 {
  padding-right: 24px;
  min-width: 16px;
}

.emotion-22.MuiSelect-select {
  height: auto;
  min-height: 1.4375em;
  text-overflow: ellipsis;
  white-space: nowrap;
  overflow: hidden;
}

.emotion-22::-webkit-input-placeholder {
  color: currentColor;
  opacity: 0.42;
  -webkit-transition: opacity 200ms cubic-bezier(0.4, 0, 0.2, 1) 0ms;
  transition: opacity 200ms cubic-bezier(0.4, 0, 0.2, 1) 0ms;
}

.emotion-22::-moz-placeholder {
  color: currentColor;
  opacity: 0.42;
  -webkit-transition: opacity 200ms cubic-bezier(0.4, 0, 0.2, 1) 0ms;
  transition: opacity 200ms cubic-bezier(0.4, 0, 0.2, 1) 0ms;
}

.emotion-22::-ms-input-placeholder {
  color: currentColor;
  opacity: 0.42;
  -webkit-transition: opacity 200ms cubic-bezier(0.4, 0, 0.2, 1) 0ms;
  transition: opacity 200ms cubic-bezier(0.4, 0, 0.2, 1) 0ms;
}

.emotion-22:focus {
  outline: 0;
}

.emotion-22:invalid {
  box-shadow: none;
}

.emotion-22::-webkit-search-decoration {
  -webkit-appearance: none;
}

label[data-shrink=false]+.MuiInputBase-formControl .emotion-22::-webkit-input-placeholder {
  opacity: 0!important;
}

label[data-shrink=false]+.MuiInputBase-formControl .emotion-22::-moz-placeholder {
  opacity: 0!important;
}

label[data-shrink=false]+.MuiInputBase-formControl .emotion-22::-ms-input-placeholder {
  opacity: 0!important;
}

label[data-shrink=false]+.MuiInputBase-formControl .emotion-22:focus::-webkit-input-placeholder {
  opacity: 0.42;
}

label[data-shrink=false]+.MuiInputBase-formControl .emotion-22:focus::-moz-placeholder {
  opacity: 0.42;
}

label[data-shrink=false]+.MuiInputBase-formControl .emotion-22:focus::-ms-input-placeholder {
  opacity: 0.42;
}

.emotion-22.Mui-disabled {
  opacity: 1;
  -webkit-text-fill-color: rgba(0, 0, 0, 0.38);
}

.emotion-22:-webkit-autofill {
  -webkit-animation-duration: 5000s;
  animation-duration: 5000s;
  -webkit-animation-name: mui-auto-fill;
  animation-name: mui-auto-fill;
}

.emotion-23 {
  bottom: 0;
  left: 0;
  position: absolute;
  opacity: 0;
  pointer-events: none;
  width: 100%;
  box-sizing: border-box;
}

.emotion-24 {
  -webkit-user-select: none;
  -moz-user-select: none;
  -ms-user-select: none;
  user-select: none;
  width: 1em;
  height: 1em;
  display: inline-block;
  -webkit-flex-shrink: 0;
  -ms-flex-negative: 0;
  flex-shrink: 0;
  -webkit-transition: fill 200ms cubic-bezier(0.4, 0, 0.2, 1) 0ms;
  transition: fill 200ms cubic-bezier(0.4, 0, 0.2, 1) 0ms;
  fill: currentColor;
  font-size: 1.5rem;
  position: absolute;
  right: 0;
  top: calc(50% - .5em);
  pointer-events: none;
  color: rgba(0, 0, 0, 0.54);
}

.emotion-24.Mui-disabled {
  color: rgba(0, 0, 0, 0.26);
}

.emotion-25 {
  font-family: "Roboto","Helvetica","Arial",sans-serif;
  font-weight: 400;
  font-size: 0.875rem;
  line-height: 1.43;
  letter-spacing: 0.01071em;
  -webkit-flex-shrink: 0;
  -ms-flex-negative: 0;
  flex-shrink: 0;
}

.emotion-26 {
  display: -webkit-inline-box;
  display: -webkit-inline-flex;
  display: -ms-inline-flexbox;
  display: inline-flex;
  -webkit-align-items: center;
  -webkit-box-align: center;
  -ms-flex-align: center;
  align-items: center;
  -webkit-box-pack: center;
  -ms-flex-pack: center;
  -webkit-justify-content: center;
  justify-content: center;
  position: relative;
  box-sizing: border-box;
  -webkit-tap-highlight-color: transparent;
  background-color: transparent;
  outline: 0;
  border: 0;
  margin: 0;
  border-radius: 0;
  padding: 0;
  cursor: pointer;
  -webkit-user-select: none;
  -moz-user-select: none;
  -ms-user-select: none;
  user-select: none;
  vertical-align: middle;
  -moz-appearance: none;
  -webkit-appearance: none;
  -webkit-text-decoration: none;
  text-decoration: none;
  color: inherit;
  text-align: center;
  -webkit-flex: 0 0 auto;
  -ms-flex: 0 0 auto;
  flex: 0 0 auto;
  font-size: 1.5rem;
  padding: 8px;
  border-radius: 50%;
  color: rgba(0, 0, 0, 0.54);
  -webkit-transition: background-color 150ms cubic-bezier(0.4, 0, 0.2, 1) 0ms;
  transition: background-color 150ms cubic-bezier(0.4, 0, 0.2, 1) 0ms;
  --IconButton-hoverBg: rgba(0, 0, 0, 0.04);
  padding: 12px;
  font-size: 1.75rem;
}

.emotion-26::-moz-focus-inner {
  border-style: none;
}

.emotion-26.Mui-disabled {
  pointer-events: none;
  cursor: default;
}

@media print {
  .emotion-26 {
    -webkit-print-color-adjust: exact;
    color-adjust: exact;
  }
}

.emotion-26:hover {
  background-color: var(--IconButton-hoverBg);
}

@media (hover: none) {
  .emotion-26:hover {
    background-color: transparent;
  }
}

.emotion-26.Mui-disabled {
  background-color: transparent;
  color: rgba(0, 0, 0, 0.26);
}

.emotion-26.MuiIconButton-loading {
  color: transparent;
}

<div>
  <div
    class="deviceList selectable"
    style="grid-template-columns: 52px minmax(150px, 1.5fr) minmax(150px, 1.5fr) minmax(150px, 1.5fr) minmax(150px, 1.5fr) minmax(150px, 1fr);"
  >
    <div
      class="header emotion-0"
    >
      <div
        class="deviceListRow"
      >
        <div>
          <span
            class="MuiButtonBase-root MuiCheckbox-root MuiCheckbox-colorPrimary MuiCheckbox-sizeMedium PrivateSwitchBase-root MuiCheckbox-root MuiCheckbox-colorPrimary MuiCheckbox-sizeMedium MuiCheckbox-root MuiCheckbox-colorPrimary MuiCheckbox-sizeMedium emotion-1"
          >
            <input
              class="PrivateSwitchBase-input emotion-2"
              data-indeterminate="false"
              type="checkbox"
            />
            <svg
              aria-hidden="true"
              class="MuiSvgIcon-root MuiSvgIcon-fontSizeMedium emotion-3"
              data-testid="CheckBoxOutlineBlankIcon"
              focusable="false"
              viewBox="0 0 24 24"
            >
              <path
                d="M19 5v14H5V5h14m0-2H5c-1.1 0-2 .9-2 2v14c0 1.1.9 2 2 2h14c1.1 0 2-.9 2-2V5c0-1.1-.9-2-2-2z"
              />
            </svg>
          </span>
        </div>
        <div
          class="columnHeader flexbox space-between relative"
        >
          <p
            class="MuiTypography-root MuiTypography-body1 flexbox center-aligned emotion-4"
          >
            Name
          </p>
          <div
            class="flexbox center-aligned full-height"
          >
            <div
              class="emotion-5 full-height"
            >
              <div
                class="full-height emotion-6 "
              />
            </div>
          </div>
        </div>
        <div
          class="columnHeader flexbox space-between relative"
        >
          <p
            class="MuiTypography-root MuiTypography-body1 flexbox center-aligned emotion-4"
          >
            Devices
          </p>
          <div
            class="flexbox center-aligned full-height"
          >
            <div
              class="emotion-5 full-height"
            >
              <div
                class="full-height emotion-6 "
              />
            </div>
          </div>
        </div>
        <div
          class="columnHeader flexbox space-between relative"
        >
          <p
            class="MuiTypography-root MuiTypography-body1 flexbox center-aligned emotion-4"
          >
            Delta updates enabled 
          </p>
          <div
            class="flexbox center-aligned full-height"
          >
            <div
              class="emotion-5 full-height"
            >
              <div
                class="full-height emotion-6 "
              />
            </div>
          </div>
        </div>
        <div
          class="columnHeader flexbox space-between relative"
        >
          <p
            class="MuiTypography-root MuiTypography-body1 flexbox center-aligned emotion-4"
          >
            Created
          </p>
          <div
            class="flexbox center-aligned full-height"
          />
        </div>
        <div
          class="columnHeader flexbox space-between relative"
        >
          <p
            class="MuiTypography-root MuiTypography-body1 flexbox center-aligned emotion-4"
          >
            More details
          </p>
          <div
            class="flexbox center-aligned full-height"
          />
        </div>
      </div>
    </div>
    <div
      class="body"
    >
      <div
        class="deviceListRow deviceListItem clickable"
      >
        <div
          title="child2"
        >
          <div
            class="text-overflow"
          >
            child2
          </div>
        </div>
        <div
          class="flexbox center-aligned"
        >
          0
          /
          100
        </div>
        <div>
          <svg
            aria-hidden="true"
            class="MuiSvgIcon-root MuiSvgIcon-fontSizeMedium emotion-3"
            data-testid="CheckIcon"
            focusable="false"
            viewBox="0 0 24 24"
          >
            <path
              d="M9 16.17 4.83 12l-1.42 1.41L9 19 21 7l-1.41-1.41z"
            />
          </svg>
        </div>
        <div
          title="2024-10-24T09:10:53.281Z"
        >
          <div
            class="text-overflow"
          >
            2024-10-24 09:10
          </div>
        </div>
        <button
          class="MuiButtonBase-root MuiButton-root MuiButton-outlined MuiButton-outlinedInfo MuiButton-sizeMedium MuiButton-outlinedSizeMedium MuiButton-colorInfo MuiButton-root MuiButton-outlined MuiButton-outlinedInfo MuiButton-sizeMedium MuiButton-outlinedSizeMedium MuiButton-colorInfo nowrap emotion-16"
          tabindex="0"
          type="button"
        >
          View details
        </button>
      </div>
    </div>
  </div>
  <div
    class="flexbox margin-top-small"
  >
    <div
      class="MuiTablePagination-root flexbox margin-top margin-top-none emotion-17"
    >
      <div
        class="MuiToolbar-root MuiToolbar-gutters MuiToolbar-regular MuiTablePagination-toolbar emotion-18"
      >
        <div
          class="MuiTablePagination-spacer flexbox no-basis emotion-19"
        />
        <p
          class="MuiTablePagination-selectLabel emotion-20"
          id="_r_3_"
        >
          Rows per page:
        </p>
        <div
          class="MuiInputBase-root MuiInputBase-colorPrimary MuiTablePagination-select MuiSelect-root MuiTablePagination-input emotion-21"
        >
          <div
            aria-expanded="false"
            aria-haspopup="listbox"
            aria-labelledby="_r_3_ _r_2_"
            class="MuiSelect-select MuiTablePagination-select MuiSelect-standard MuiInputBase-input emotion-22"
            id="_r_2_"
            role="combobox"
            tabindex="0"
          >
            20
          </div>
          <input
            aria-hidden="true"
            aria-invalid="false"
            class="MuiSelect-nativeInput emotion-23"
            name="pagination"
            tabindex="-1"
            value="20"
          />
          <svg
            aria-hidden="true"
            class="MuiSvgIcon-root MuiSvgIcon-fontSizeMedium MuiSelect-icon MuiTablePagination-selectIcon MuiSelect-iconStandard emotion-24"
            data-testid="ArrowDropDownIcon"
            focusable="false"
            viewBox="0 0 24 24"
          >
            <path
              d="M7 10l5 5 5-5z"
            />
          </svg>
        </div>
        <p
          class="MuiTablePagination-displayedRows emotion-25"
        />
        <div>
          1-10 of 10
        </div>
        <button
          aria-label="prev"
          class="MuiButtonBase-root Mui-disabled MuiIconButton-root Mui-disabled MuiIconButton-sizeLarge margin-left-small emotion-26"
          disabled=""
          tabindex="-1"
          type="button"
        >
          <svg
            aria-hidden="true"
            class="MuiSvgIcon-root MuiSvgIcon-fontSizeMedium emotion-3"
            data-testid="KeyboardArrowLeftIcon"
            focusable="false"
            viewBox="0 0 24 24"
          >
            <path
              d="M15.41 16.59 10.83 12l4.58-4.59L14 6l-6 6 6 6z"
            />
          </svg>
        </button>
        <div>
          <button
            aria-label="next"
            class="MuiButtonBase-root Mui-disabled MuiIconButton-root Mui-disabled MuiIconButton-sizeLarge emotion-26"
            disabled=""
            tabindex="-1"
            type="button"
          >
            <svg
              aria-hidden="true"
              class="MuiSvgIcon-root MuiSvgIcon-fontSizeMedium emotion-3"
              data-testid="KeyboardArrowRightIcon"
              focusable="false"
              viewBox="0 0 24 24"
            >
              <path
                d="M8.59 16.59 13.17 12 8.59 7.41 10 6l6 6-6 6z"
              />
            </svg>
          </button>
        </div>
      </div>
    </div>
    <div
      class="loaderContainer shrunk"
    >
      <div
        class="small  loader"
      >
        <span
          class="dot dot_1"
        />
        <span
          class="dot dot_2"
        />
        <span
          class="dot dot_3"
        />
        <span
          class="dot dot_4"
        />
      </div>
    </div>
  </div>
</div>
`;
