// Vitest Snapshot v1, https://vitest.dev/guide/snapshot.html

exports[`ArtifactPayload Component > renders correctly 1`] = `
.emotion-0 {
  margin: 0;
  font-family: "Roboto","Helvetica","Arial",sans-serif;
  font-weight: 500;
  font-size: 0.875rem;
  line-height: 1.57;
  letter-spacing: 0.00714em;
}

.emotion-1 {
  margin: 0;
  -webkit-flex-shrink: 0;
  -ms-flex-negative: 0;
  flex-shrink: 0;
  border-width: 0;
  border-style: solid;
  border-color: rgba(0, 0, 0, 0.12);
  border-bottom-width: thin;
}

.emotion-2.two-columns.column-data {
  grid-template-columns: max-content minmax(auto, 650px);
  max-width: initial;
  row-gap: 8px;
}

.emotion-4.copy-to-clipboard svg {
  fill: rgba(0, 0, 0, 0.54);
}

.emotion-5 {
  margin: 0;
  font-family: "Roboto","Helvetica","Arial",sans-serif;
  font-weight: 400;
  font-size: 0.875rem;
  line-height: 1.43;
  letter-spacing: 0.01071em;
  display: -webkit-box;
  overflow: hidden;
  text-overflow: ellipsis;
  -webkit-line-clamp: 5;
  -webkit-box-orient: vertical;
  word-break: break-word;
}

<div>
  <h6
    class="MuiTypography-root MuiTypography-subtitle2 emotion-0"
  >
    test
  </h6>
  <hr
    class="MuiDivider-root MuiDivider-fullWidth margin-top-small margin-bottom-small emotion-1"
  />
  <div
    class="break-all two-columns emotion-2 column-data margin-bottom-small"
  >
    <h6
      class="MuiTypography-root MuiTypography-subtitle2 key emotion-0"
      style="width: max-content;"
    >
      custom-key
    </h6>
    <div
      class="flexbox center-aligned  emotion-4"
    >
      <div
        class="MuiTypography-root MuiTypography-body2 emotion-5"
        title="secondary text"
      >
        secondary text
      </div>
    </div>
  </div>
</div>
`;
