// Vitest Snapshot v1, https://vitest.dev/guide/snapshot.html

exports[`DeploymentStatus Component > renders correctly 1`] = `
.emotion-0 {
  -webkit-column-gap: 8px;
  column-gap: 8px;
  display: grid;
  grid-template-columns: repeat(auto-fit, 32px);
}

.emotion-0>div {
  -webkit-column-gap: 4px;
  column-gap: 4px;
}

.emotion-1 {
  -webkit-user-select: none;
  -moz-user-select: none;
  -ms-user-select: none;
  user-select: none;
  width: 1em;
  height: 1em;
  display: inline-block;
  -webkit-flex-shrink: 0;
  -ms-flex-negative: 0;
  flex-shrink: 0;
  -webkit-transition: fill 200ms cubic-bezier(0.4, 0, 0.2, 1) 0ms;
  transition: fill 200ms cubic-bezier(0.4, 0, 0.2, 1) 0ms;
  fill: currentColor;
  font-size: 1.5rem;
  color: rgba(0, 0, 0, 0.26);
}

.emotion-2 {
  margin: 0;
  font-family: "Roboto","Helvetica","Arial",sans-serif;
  font-weight: 400;
  font-size: 1rem;
  line-height: 1.5;
  letter-spacing: 0.00938em;
}

<div
  class="flexbox emotion-0"
>
  <div
    aria-label="Skipped"
    class="flexbox centered"
    data-mui-internal-clone-element="true"
  >
    <svg
      aria-hidden="true"
      class="MuiSvgIcon-root MuiSvgIcon-colorDisabled MuiSvgIcon-fontSizeMedium emotion-1"
      data-testid="CancelIcon"
      focusable="false"
      viewBox="0 0 24 24"
    >
      <path
        d="M12 2C6.47 2 2 6.47 2 12s4.47 10 10 10 10-4.47 10-10S17.53 2 12 2m5 13.59L15.59 17 12 13.41 8.41 17 7 15.59 10.59 12 7 8.41 8.41 7 12 10.59 15.59 7 17 8.41 13.41 12z"
      />
    </svg>
    <p
      class="MuiTypography-root MuiTypography-body1 emotion-2"
    >
      0
    </p>
  </div>
  <div
    aria-label="Pending"
    class="flexbox centered"
    data-mui-internal-clone-element="true"
  >
    <svg
      aria-hidden="true"
      class="MuiSvgIcon-root MuiSvgIcon-colorDisabled MuiSvgIcon-fontSizeMedium emotion-1"
      data-testid="PendingIcon"
      focusable="false"
      viewBox="0 0 24 24"
    >
      <path
        d="M12 2C6.48 2 2 6.48 2 12s4.48 10 10 10 10-4.48 10-10S17.52 2 12 2M7 13.5c-.83 0-1.5-.67-1.5-1.5s.67-1.5 1.5-1.5 1.5.67 1.5 1.5-.67 1.5-1.5 1.5m5 0c-.83 0-1.5-.67-1.5-1.5s.67-1.5 1.5-1.5 1.5.67 1.5 1.5-.67 1.5-1.5 1.5m5 0c-.83 0-1.5-.67-1.5-1.5s.67-1.5 1.5-1.5 1.5.67 1.5 1.5-.67 1.5-1.5 1.5"
      />
    </svg>
    <p
      class="MuiTypography-root MuiTypography-body1 emotion-2"
    >
      0
    </p>
  </div>
  <div
    aria-label="In progress"
    class="flexbox centered"
    data-mui-internal-clone-element="true"
  >
    <svg
      aria-hidden="true"
      class="MuiSvgIcon-root MuiSvgIcon-colorDisabled MuiSvgIcon-fontSizeMedium emotion-1"
      data-testid="TimelapseIcon"
      focusable="false"
      viewBox="0 0 24 24"
    >
      <path
        d="M16.24 7.76C15.07 6.59 13.54 6 12 6v6l-4.24 4.24c2.34 2.34 6.14 2.34 8.49 0 2.34-2.34 2.34-6.14-.01-8.48M12 2C6.48 2 2 6.48 2 12s4.48 10 10 10 10-4.48 10-10S17.52 2 12 2m0 18c-4.42 0-8-3.58-8-8s3.58-8 8-8 8 3.58 8 8-3.58 8-8 8"
      />
    </svg>
    <p
      class="MuiTypography-root MuiTypography-body1 emotion-2"
    >
      0
    </p>
  </div>
  <div
    aria-label="Successful"
    class="flexbox centered"
    data-mui-internal-clone-element="true"
  >
    <svg
      aria-hidden="true"
      class="MuiSvgIcon-root MuiSvgIcon-colorDisabled MuiSvgIcon-fontSizeMedium emotion-1"
      data-testid="CheckCircleIcon"
      focusable="false"
      viewBox="0 0 24 24"
    >
      <path
        d="M12 2C6.48 2 2 6.48 2 12s4.48 10 10 10 10-4.48 10-10S17.52 2 12 2m-2 15-5-5 1.41-1.41L10 14.17l7.59-7.59L19 8z"
      />
    </svg>
    <p
      class="MuiTypography-root MuiTypography-body1 emotion-2"
    >
      0
    </p>
  </div>
  <div
    aria-label="Failed"
    class="flexbox centered"
    data-mui-internal-clone-element="true"
  >
    <svg
      aria-hidden="true"
      class="MuiSvgIcon-root MuiSvgIcon-colorDisabled MuiSvgIcon-fontSizeMedium emotion-1"
      data-testid="ErrorIcon"
      focusable="false"
      viewBox="0 0 24 24"
    >
      <path
        d="M12 2C6.48 2 2 6.48 2 12s4.48 10 10 10 10-4.48 10-10S17.52 2 12 2m1 15h-2v-2h2zm0-4h-2V7h2z"
      />
    </svg>
    <p
      class="MuiTypography-root MuiTypography-body1 emotion-2"
    >
      0
    </p>
  </div>
</div>
`;
