// Vitest Snapshot v1, https://vitest.dev/guide/snapshot.html

exports[`PastDeployments Component > renders correctly 1`] = `
.emotion-0 {
  background-color: rgba(2, 136, 209, 0.08);
  padding: 10px 24px 24px;
}

.emotion-1 {
  -webkit-column-gap: 16px;
  column-gap: 16px;
  display: -webkit-box;
  display: -webkit-flex;
  display: -ms-flexbox;
  display: flex;
  -webkit-box-flex-wrap: wrap;
  -webkit-flex-wrap: wrap;
  -ms-flex-wrap: wrap;
  flex-wrap: wrap;
  row-gap: 16px;
}

.emotion-1 .filter-item {
  display: grid;
  grid-template-rows: minmax(50px, max-content) 1fr;
}

.emotion-2 {
  margin: 0;
  font-family: "Roboto","Helvetica","Arial",sans-serif;
  font-weight: 500;
  font-size: 0.875rem;
  line-height: 1.57;
  letter-spacing: 0.00714em;
  color: rgba(0, 0, 0, 0.6);
}

.emotion-3.Mui-focused .MuiAutocomplete-clearIndicator {
  visibility: visible;
}

@media (pointer: fine) {
  .emotion-3:hover .MuiAutocomplete-clearIndicator {
    visibility: visible;
  }
}

.emotion-3 .MuiAutocomplete-tag {
  margin: 3px;
  max-width: calc(100% - 6px);
}

.MuiAutocomplete-hasPopupIcon.emotion-3 .MuiAutocomplete-inputRoot,
.MuiAutocomplete-hasClearIcon.emotion-3 .MuiAutocomplete-inputRoot {
  padding-right: 30px;
}

.MuiAutocomplete-hasPopupIcon.MuiAutocomplete-hasClearIcon.emotion-3 .MuiAutocomplete-inputRoot {
  padding-right: 56px;
}

.emotion-3 .MuiAutocomplete-inputRoot .MuiAutocomplete-input {
  width: 0;
  min-width: 30px;
}

.emotion-3 .MuiInput-root {
  padding-bottom: 1px;
}

.emotion-3 .MuiInput-root .MuiInput-input {
  padding: 4px 4px 4px 0px;
}

.emotion-3 .MuiInput-root.MuiInputBase-sizeSmall .MuiInput-input {
  padding: 2px 4px 3px 0;
}

.emotion-3 .MuiOutlinedInput-root {
  padding: 9px;
}

.MuiAutocomplete-hasPopupIcon.emotion-3 .MuiOutlinedInput-root,
.MuiAutocomplete-hasClearIcon.emotion-3 .MuiOutlinedInput-root {
  padding-right: 39px;
}

.MuiAutocomplete-hasPopupIcon.MuiAutocomplete-hasClearIcon.emotion-3 .MuiOutlinedInput-root {
  padding-right: 65px;
}

.emotion-3 .MuiOutlinedInput-root .MuiAutocomplete-input {
  padding: 7.5px 4px 7.5px 5px;
}

.emotion-3 .MuiOutlinedInput-root .MuiAutocomplete-endAdornment {
  right: 9px;
}

.emotion-3 .MuiOutlinedInput-root.MuiInputBase-sizeSmall {
  padding-top: 6px;
  padding-bottom: 6px;
  padding-left: 6px;
}

.emotion-3 .MuiOutlinedInput-root.MuiInputBase-sizeSmall .MuiAutocomplete-input {
  padding: 2.5px 4px 2.5px 8px;
}

.emotion-3 .MuiFilledInput-root {
  padding-top: 19px;
  padding-left: 8px;
}

.MuiAutocomplete-hasPopupIcon.emotion-3 .MuiFilledInput-root,
.MuiAutocomplete-hasClearIcon.emotion-3 .MuiFilledInput-root {
  padding-right: 39px;
}

.MuiAutocomplete-hasPopupIcon.MuiAutocomplete-hasClearIcon.emotion-3 .MuiFilledInput-root {
  padding-right: 65px;
}

.emotion-3 .MuiFilledInput-root .MuiFilledInput-input {
  padding: 7px 4px;
}

.emotion-3 .MuiFilledInput-root .MuiAutocomplete-endAdornment {
  right: 9px;
}

.emotion-3 .MuiFilledInput-root.MuiInputBase-sizeSmall {
  padding-bottom: 1px;
}

.emotion-3 .MuiFilledInput-root.MuiInputBase-sizeSmall .MuiFilledInput-input {
  padding: 2.5px 4px;
}

.emotion-3 .MuiInputBase-hiddenLabel {
  padding-top: 8px;
}

.emotion-3 .MuiFilledInput-root.MuiInputBase-hiddenLabel {
  padding-top: 0;
  padding-bottom: 0;
}

.emotion-3 .MuiFilledInput-root.MuiInputBase-hiddenLabel .MuiAutocomplete-input {
  padding-top: 16px;
  padding-bottom: 17px;
}

.emotion-3 .MuiFilledInput-root.MuiInputBase-hiddenLabel.MuiInputBase-sizeSmall .MuiAutocomplete-input {
  padding-top: 8px;
  padding-bottom: 9px;
}

.emotion-3 .MuiAutocomplete-input {
  -webkit-box-flex: 1;
  -webkit-flex-grow: 1;
  -ms-flex-positive: 1;
  flex-grow: 1;
  text-overflow: ellipsis;
  opacity: 0;
}

.emotion-3 .MuiAutocomplete-input {
  opacity: 1;
}

.emotion-4 {
  display: -webkit-inline-box;
  display: -webkit-inline-flex;
  display: -ms-inline-flexbox;
  display: inline-flex;
  -webkit-flex-direction: column;
  -ms-flex-direction: column;
  flex-direction: column;
  position: relative;
  min-width: 0;
  padding: 0;
  margin: 0;
  border: 0;
  vertical-align: top;
  width: 100%;
}

.emotion-5 {
  color: rgba(0, 0, 0, 0.6);
  font-family: "Roboto","Helvetica","Arial",sans-serif;
  font-weight: 400;
  font-size: 1rem;
  line-height: 1.4375em;
  letter-spacing: 0.00938em;
  padding: 0;
  position: relative;
  display: block;
  transform-origin: top left;
  white-space: nowrap;
  overflow: hidden;
  text-overflow: ellipsis;
  max-width: 100%;
  position: absolute;
  left: 0;
  top: 0;
  -webkit-transform: translate(0, 20px) scale(1);
  -moz-transform: translate(0, 20px) scale(1);
  -ms-transform: translate(0, 20px) scale(1);
  transform: translate(0, 20px) scale(1);
  -webkit-transition: color 200ms cubic-bezier(0.0, 0, 0.2, 1) 0ms,-webkit-transform 200ms cubic-bezier(0.0, 0, 0.2, 1) 0ms,max-width 200ms cubic-bezier(0.0, 0, 0.2, 1) 0ms;
  transition: color 200ms cubic-bezier(0.0, 0, 0.2, 1) 0ms,transform 200ms cubic-bezier(0.0, 0, 0.2, 1) 0ms,max-width 200ms cubic-bezier(0.0, 0, 0.2, 1) 0ms;
  z-index: 1;
  pointer-events: none;
  -webkit-transform: translate(14px, 16px) scale(1);
  -moz-transform: translate(14px, 16px) scale(1);
  -ms-transform: translate(14px, 16px) scale(1);
  transform: translate(14px, 16px) scale(1);
  max-width: calc(100% - 24px);
}

.emotion-5.Mui-focused {
  color: #1976d2;
}

.emotion-5.Mui-disabled {
  color: rgba(0, 0, 0, 0.38);
}

.emotion-5.Mui-error {
  color: #d32f2f;
}

.emotion-6 {
  font-family: "Roboto","Helvetica","Arial",sans-serif;
  font-weight: 400;
  font-size: 1rem;
  line-height: 1.4375em;
  letter-spacing: 0.00938em;
  color: rgba(0, 0, 0, 0.87);
  box-sizing: border-box;
  position: relative;
  cursor: text;
  display: -webkit-inline-box;
  display: -webkit-inline-flex;
  display: -ms-inline-flexbox;
  display: inline-flex;
  -webkit-align-items: center;
  -webkit-box-align: center;
  -ms-flex-align: center;
  align-items: center;
  width: 100%;
  position: relative;
  border-radius: 4px;
}

.emotion-6.Mui-disabled {
  color: rgba(0, 0, 0, 0.38);
  cursor: default;
}

.emotion-6:hover .MuiOutlinedInput-notchedOutline {
  border-color: rgba(0, 0, 0, 0.87);
}

@media (hover: none) {
  .emotion-6:hover .MuiOutlinedInput-notchedOutline {
    border-color: rgba(0, 0, 0, 0.23);
  }
}

.emotion-6.Mui-focused .MuiOutlinedInput-notchedOutline {
  border-width: 2px;
}

.emotion-6.Mui-focused .MuiOutlinedInput-notchedOutline {
  border-color: #1976d2;
}

.emotion-6.Mui-error .MuiOutlinedInput-notchedOutline {
  border-color: #d32f2f;
}

.emotion-6.Mui-disabled .MuiOutlinedInput-notchedOutline {
  border-color: rgba(0, 0, 0, 0.26);
}

.emotion-7 {
  font: inherit;
  letter-spacing: inherit;
  color: currentColor;
  padding: 4px 0 5px;
  border: 0;
  box-sizing: content-box;
  background: none;
  height: 1.4375em;
  margin: 0;
  -webkit-tap-highlight-color: transparent;
  display: block;
  min-width: 0;
  width: 100%;
  -webkit-animation-name: mui-auto-fill-cancel;
  animation-name: mui-auto-fill-cancel;
  -webkit-animation-duration: 10ms;
  animation-duration: 10ms;
  padding: 16.5px 14px;
}

.emotion-7::-webkit-input-placeholder {
  color: currentColor;
  opacity: 0.42;
  -webkit-transition: opacity 200ms cubic-bezier(0.4, 0, 0.2, 1) 0ms;
  transition: opacity 200ms cubic-bezier(0.4, 0, 0.2, 1) 0ms;
}

.emotion-7::-moz-placeholder {
  color: currentColor;
  opacity: 0.42;
  -webkit-transition: opacity 200ms cubic-bezier(0.4, 0, 0.2, 1) 0ms;
  transition: opacity 200ms cubic-bezier(0.4, 0, 0.2, 1) 0ms;
}

.emotion-7::-ms-input-placeholder {
  color: currentColor;
  opacity: 0.42;
  -webkit-transition: opacity 200ms cubic-bezier(0.4, 0, 0.2, 1) 0ms;
  transition: opacity 200ms cubic-bezier(0.4, 0, 0.2, 1) 0ms;
}

.emotion-7:focus {
  outline: 0;
}

.emotion-7:invalid {
  box-shadow: none;
}

.emotion-7::-webkit-search-decoration {
  -webkit-appearance: none;
}

label[data-shrink=false]+.MuiInputBase-formControl .emotion-7::-webkit-input-placeholder {
  opacity: 0!important;
}

label[data-shrink=false]+.MuiInputBase-formControl .emotion-7::-moz-placeholder {
  opacity: 0!important;
}

label[data-shrink=false]+.MuiInputBase-formControl .emotion-7::-ms-input-placeholder {
  opacity: 0!important;
}

label[data-shrink=false]+.MuiInputBase-formControl .emotion-7:focus::-webkit-input-placeholder {
  opacity: 0.42;
}

label[data-shrink=false]+.MuiInputBase-formControl .emotion-7:focus::-moz-placeholder {
  opacity: 0.42;
}

label[data-shrink=false]+.MuiInputBase-formControl .emotion-7:focus::-ms-input-placeholder {
  opacity: 0.42;
}

.emotion-7.Mui-disabled {
  opacity: 1;
  -webkit-text-fill-color: rgba(0, 0, 0, 0.38);
}

.emotion-7:-webkit-autofill {
  -webkit-animation-duration: 5000s;
  animation-duration: 5000s;
  -webkit-animation-name: mui-auto-fill;
  animation-name: mui-auto-fill;
}

.emotion-7:-webkit-autofill {
  border-radius: inherit;
}

.emotion-8 {
  text-align: left;
  position: absolute;
  bottom: 0;
  right: 0;
  top: -5px;
  left: 0;
  margin: 0;
  padding: 0 8px;
  pointer-events: none;
  border-radius: inherit;
  border-style: solid;
  border-width: 1px;
  overflow: hidden;
  min-width: 0%;
  border-color: rgba(0, 0, 0, 0.23);
}

.emotion-9 {
  float: unset;
  width: auto;
  overflow: hidden;
  display: block;
  padding: 0;
  height: 11px;
  font-size: 0.75em;
  visibility: hidden;
  max-width: 0.01px;
  -webkit-transition: max-width 50ms cubic-bezier(0.0, 0, 0.2, 1) 0ms;
  transition: max-width 50ms cubic-bezier(0.0, 0, 0.2, 1) 0ms;
  white-space: nowrap;
}

.emotion-9>span {
  padding-left: 5px;
  padding-right: 5px;
  display: inline-block;
  opacity: 0;
  visibility: visible;
}

.emotion-19 {
  -webkit-align-items: start;
  -webkit-box-align: start;
  -ms-flex-align: start;
  align-items: start;
  width: -webkit-min-content;
  width: -moz-min-content;
  width: min-content;
}

.emotion-20 {
  gap: 16px;
  -webkit-box-flex-wrap: wrap;
  -webkit-flex-wrap: wrap;
  -ms-flex-wrap: wrap;
  flex-wrap: wrap;
}

@media (min-width:900px) {
  .emotion-20 {
    -webkit-box-flex-wrap: nowrap;
    -webkit-flex-wrap: nowrap;
    -ms-flex-wrap: nowrap;
    flex-wrap: nowrap;
  }
}

.emotion-21 {
  display: -webkit-inline-box;
  display: -webkit-inline-flex;
  display: -ms-inline-flexbox;
  display: inline-flex;
  -webkit-flex-direction: column;
  -ms-flex-direction: column;
  flex-direction: column;
  position: relative;
  min-width: 0;
  padding: 0;
  margin: 0;
  border: 0;
  vertical-align: top;
  max-width: 100%;
}

.emotion-22 {
  color: rgba(0, 0, 0, 0.6);
  font-family: "Roboto","Helvetica","Arial",sans-serif;
  font-weight: 400;
  font-size: 1rem;
  line-height: 1.4375em;
  letter-spacing: 0.00938em;
  padding: 0;
  position: relative;
  display: block;
  transform-origin: top left;
  white-space: nowrap;
  overflow: hidden;
  text-overflow: ellipsis;
  max-width: 100%;
  position: absolute;
  left: 0;
  top: 0;
  -webkit-transform: translate(0, 20px) scale(1);
  -moz-transform: translate(0, 20px) scale(1);
  -ms-transform: translate(0, 20px) scale(1);
  transform: translate(0, 20px) scale(1);
  -webkit-transform: translate(0, 17px) scale(1);
  -moz-transform: translate(0, 17px) scale(1);
  -ms-transform: translate(0, 17px) scale(1);
  transform: translate(0, 17px) scale(1);
  -webkit-transition: color 200ms cubic-bezier(0.0, 0, 0.2, 1) 0ms,-webkit-transform 200ms cubic-bezier(0.0, 0, 0.2, 1) 0ms,max-width 200ms cubic-bezier(0.0, 0, 0.2, 1) 0ms;
  transition: color 200ms cubic-bezier(0.0, 0, 0.2, 1) 0ms,transform 200ms cubic-bezier(0.0, 0, 0.2, 1) 0ms,max-width 200ms cubic-bezier(0.0, 0, 0.2, 1) 0ms;
  z-index: 1;
  pointer-events: none;
  -webkit-transform: translate(14px, 16px) scale(1);
  -moz-transform: translate(14px, 16px) scale(1);
  -ms-transform: translate(14px, 16px) scale(1);
  transform: translate(14px, 16px) scale(1);
  max-width: calc(100% - 24px);
  -webkit-transform: translate(14px, 9px) scale(1);
  -moz-transform: translate(14px, 9px) scale(1);
  -ms-transform: translate(14px, 9px) scale(1);
  transform: translate(14px, 9px) scale(1);
}

.emotion-22.Mui-focused {
  color: #1976d2;
}

.emotion-22.Mui-disabled {
  color: rgba(0, 0, 0, 0.38);
}

.emotion-22.Mui-error {
  color: #d32f2f;
}

.emotion-23 {
  font-family: "Roboto","Helvetica","Arial",sans-serif;
  font-weight: 400;
  font-size: 1rem;
  line-height: 1.5;
  letter-spacing: 0.00938em;
  color: rgba(0, 0, 0, 0.87);
  cursor: text;
  padding: 0;
  display: -webkit-box;
  display: -webkit-flex;
  display: -ms-flexbox;
  display: flex;
  -webkit-box-pack: start;
  -ms-flex-pack: start;
  -webkit-justify-content: flex-start;
  justify-content: flex-start;
  -webkit-align-items: center;
  -webkit-box-align: center;
  -ms-flex-align: center;
  align-items: center;
  position: relative;
  box-sizing: border-box;
  padding: 0 14px;
  border-radius: 4px;
}

.emotion-23:hover .MuiPickersOutlinedInput-notchedOutline {
  border-color: rgba(0, 0, 0, 0.87);
}

@media (hover: none) {
  .emotion-23:hover .MuiPickersOutlinedInput-notchedOutline {
    border-color: rgba(0, 0, 0, 0.23);
  }
}

.emotion-23.Mui-focused .MuiPickersOutlinedInput-notchedOutline {
  border-style: solid;
  border-width: 2px;
}

.emotion-23.Mui-error .MuiPickersOutlinedInput-notchedOutline {
  border-color: #d32f2f;
}

.emotion-23.Mui-disabled .MuiPickersOutlinedInput-notchedOutline {
  border-color: rgba(0, 0, 0, 0.26);
}

.emotion-23.Mui-disabled * {
  color: rgba(0, 0, 0, 0.26);
}

.emotion-23.Mui-focused:not(.Mui-error) .MuiPickersOutlinedInput-notchedOutline {
  border-color: #1976d2;
}

.emotion-24 {
  direction: ltr;
  outline: none;
  padding: 4px 0 5px;
  font-family: "Roboto","Helvetica","Arial",sans-serif;
  font-size: inherit;
  line-height: 1.4375em;
  -webkit-box-flex: 1;
  -webkit-flex-grow: 1;
  -ms-flex-positive: 1;
  flex-grow: 1;
  outline: none;
  display: -webkit-box;
  display: -webkit-flex;
  display: -ms-flexbox;
  display: flex;
  -webkit-box-flex-wrap: nowrap;
  -webkit-flex-wrap: nowrap;
  -ms-flex-wrap: nowrap;
  flex-wrap: nowrap;
  overflow: hidden;
  letter-spacing: inherit;
  width: 182px;
  padding-top: 1px;
  color: currentColor;
  opacity: 0;
  padding: 16.5px 0;
  padding: 8.5px 0;
}

.emotion-25 {
  font-family: "Roboto","Helvetica","Arial",sans-serif;
  font-size: inherit;
  letter-spacing: inherit;
  line-height: 1.4375em;
  display: inline-block;
  white-space: nowrap;
}

.emotion-26 {
  white-space: pre;
  white-space: pre;
  letter-spacing: inherit;
}

.emotion-27 {
  outline: none;
  font-family: "Roboto","Helvetica","Arial",sans-serif;
  line-height: 1.4375em;
  letter-spacing: inherit;
  width: -webkit-fit-content;
  width: -moz-fit-content;
  width: fit-content;
  outline: none;
}

.emotion-37 {
  display: -webkit-box;
  display: -webkit-flex;
  display: -ms-flexbox;
  display: flex;
  max-height: 2em;
  -webkit-align-items: center;
  -webkit-box-align: center;
  -ms-flex-align: center;
  align-items: center;
  white-space: nowrap;
  color: rgba(0, 0, 0, 0.54);
  margin-left: 8px;
}

.emotion-38 {
  display: -webkit-inline-box;
  display: -webkit-inline-flex;
  display: -ms-inline-flexbox;
  display: inline-flex;
  -webkit-align-items: center;
  -webkit-box-align: center;
  -ms-flex-align: center;
  align-items: center;
  -webkit-box-pack: center;
  -ms-flex-pack: center;
  -webkit-justify-content: center;
  justify-content: center;
  position: relative;
  box-sizing: border-box;
  -webkit-tap-highlight-color: transparent;
  background-color: transparent;
  outline: 0;
  border: 0;
  margin: 0;
  border-radius: 0;
  padding: 0;
  cursor: pointer;
  -webkit-user-select: none;
  -moz-user-select: none;
  -ms-user-select: none;
  user-select: none;
  vertical-align: middle;
  -moz-appearance: none;
  -webkit-appearance: none;
  -webkit-text-decoration: none;
  text-decoration: none;
  color: inherit;
  text-align: center;
  -webkit-flex: 0 0 auto;
  -ms-flex: 0 0 auto;
  flex: 0 0 auto;
  font-size: 1.5rem;
  padding: 8px;
  border-radius: 50%;
  color: rgba(0, 0, 0, 0.54);
  -webkit-transition: background-color 150ms cubic-bezier(0.4, 0, 0.2, 1) 0ms;
  transition: background-color 150ms cubic-bezier(0.4, 0, 0.2, 1) 0ms;
  --IconButton-hoverBg: rgba(0, 0, 0, 0.04);
  margin-right: -12px;
}

.emotion-38::-moz-focus-inner {
  border-style: none;
}

.emotion-38.Mui-disabled {
  pointer-events: none;
  cursor: default;
}

@media print {
  .emotion-38 {
    -webkit-print-color-adjust: exact;
    color-adjust: exact;
  }
}

.emotion-38:hover {
  background-color: var(--IconButton-hoverBg);
}

@media (hover: none) {
  .emotion-38:hover {
    background-color: transparent;
  }
}

.emotion-38.Mui-disabled {
  background-color: transparent;
  color: rgba(0, 0, 0, 0.26);
}

.emotion-38.MuiIconButton-loading {
  color: transparent;
}

.emotion-39 {
  -webkit-user-select: none;
  -moz-user-select: none;
  -ms-user-select: none;
  user-select: none;
  width: 1em;
  height: 1em;
  display: inline-block;
  -webkit-flex-shrink: 0;
  -ms-flex-negative: 0;
  flex-shrink: 0;
  -webkit-transition: fill 200ms cubic-bezier(0.4, 0, 0.2, 1) 0ms;
  transition: fill 200ms cubic-bezier(0.4, 0, 0.2, 1) 0ms;
  fill: currentColor;
  font-size: 1.5rem;
}

.emotion-40 {
  text-align: left;
  position: absolute;
  bottom: 0;
  right: 0;
  top: -5px;
  left: 0;
  margin: 0;
  padding: 0 8px;
  pointer-events: none;
  border-radius: inherit;
  border-style: solid;
  border-width: 1px;
  overflow: hidden;
  min-width: 0%;
  border-color: rgba(0, 0, 0, 0.23);
}

.emotion-41 {
  float: unset;
  width: auto;
  overflow: hidden;
  display: block;
  padding: 0;
  height: 11px;
  font-size: 0.75em;
  visibility: hidden;
  max-width: 0.01px;
  -webkit-transition: max-width 50ms cubic-bezier(0.0, 0, 0.2, 1) 0ms;
  transition: max-width 50ms cubic-bezier(0.0, 0, 0.2, 1) 0ms;
  white-space: nowrap;
}

.emotion-41>span {
  padding-left: 5px;
  padding-right: 5px;
  display: inline-block;
  opacity: 0;
  visibility: visible;
}

.emotion-42 {
  font-family: "Roboto","Helvetica","Arial",sans-serif;
  font-size: inherit;
}

.emotion-43 {
  border: 0;
  clip: rect(0 0 0 0);
  height: 1px;
  margin: -1px;
  overflow: hidden;
  padding: 0;
  position: absolute;
  white-space: nowrap;
  width: 1px;
}

.emotion-45 {
  color: rgba(0, 0, 0, 0.6);
  font-family: "Roboto","Helvetica","Arial",sans-serif;
  font-weight: 400;
  font-size: 1rem;
  line-height: 1.4375em;
  letter-spacing: 0.00938em;
  padding: 0;
  position: relative;
  display: block;
  transform-origin: top left;
  white-space: nowrap;
  overflow: hidden;
  text-overflow: ellipsis;
  max-width: 100%;
  position: absolute;
  left: 0;
  top: 0;
  -webkit-transform: translate(0, 20px) scale(1);
  -moz-transform: translate(0, 20px) scale(1);
  -ms-transform: translate(0, 20px) scale(1);
  transform: translate(0, 20px) scale(1);
  -webkit-transform: translate(0, 17px) scale(1);
  -moz-transform: translate(0, 17px) scale(1);
  -ms-transform: translate(0, 17px) scale(1);
  transform: translate(0, 17px) scale(1);
  -webkit-transform: translate(0, -1.5px) scale(0.75);
  -moz-transform: translate(0, -1.5px) scale(0.75);
  -ms-transform: translate(0, -1.5px) scale(0.75);
  transform: translate(0, -1.5px) scale(0.75);
  transform-origin: top left;
  max-width: 133%;
  -webkit-transition: color 200ms cubic-bezier(0.0, 0, 0.2, 1) 0ms,-webkit-transform 200ms cubic-bezier(0.0, 0, 0.2, 1) 0ms,max-width 200ms cubic-bezier(0.0, 0, 0.2, 1) 0ms;
  transition: color 200ms cubic-bezier(0.0, 0, 0.2, 1) 0ms,transform 200ms cubic-bezier(0.0, 0, 0.2, 1) 0ms,max-width 200ms cubic-bezier(0.0, 0, 0.2, 1) 0ms;
  z-index: 1;
  pointer-events: none;
  -webkit-transform: translate(14px, 16px) scale(1);
  -moz-transform: translate(14px, 16px) scale(1);
  -ms-transform: translate(14px, 16px) scale(1);
  transform: translate(14px, 16px) scale(1);
  max-width: calc(100% - 24px);
  -webkit-transform: translate(14px, 9px) scale(1);
  -moz-transform: translate(14px, 9px) scale(1);
  -ms-transform: translate(14px, 9px) scale(1);
  transform: translate(14px, 9px) scale(1);
  -webkit-user-select: none;
  -moz-user-select: none;
  -ms-user-select: none;
  user-select: none;
  pointer-events: auto;
  max-width: calc(133% - 32px);
  -webkit-transform: translate(14px, -9px) scale(0.75);
  -moz-transform: translate(14px, -9px) scale(0.75);
  -ms-transform: translate(14px, -9px) scale(0.75);
  transform: translate(14px, -9px) scale(0.75);
}

.emotion-45.Mui-focused {
  color: #1976d2;
}

.emotion-45.Mui-disabled {
  color: rgba(0, 0, 0, 0.38);
}

.emotion-45.Mui-error {
  color: #d32f2f;
}

.emotion-47 {
  direction: ltr;
  outline: none;
  padding: 4px 0 5px;
  font-family: "Roboto","Helvetica","Arial",sans-serif;
  font-size: inherit;
  line-height: 1.4375em;
  -webkit-box-flex: 1;
  -webkit-flex-grow: 1;
  -ms-flex-positive: 1;
  flex-grow: 1;
  outline: none;
  display: -webkit-box;
  display: -webkit-flex;
  display: -ms-flexbox;
  display: flex;
  -webkit-box-flex-wrap: nowrap;
  -webkit-flex-wrap: nowrap;
  -ms-flex-wrap: nowrap;
  flex-wrap: nowrap;
  overflow: hidden;
  letter-spacing: inherit;
  width: 182px;
  padding-top: 1px;
  padding: 16.5px 0;
  padding: 8.5px 0;
}

.emotion-64 {
  float: unset;
  width: auto;
  overflow: hidden;
  display: block;
  padding: 0;
  height: 11px;
  font-size: 0.75em;
  visibility: hidden;
  max-width: 0.01px;
  -webkit-transition: max-width 50ms cubic-bezier(0.0, 0, 0.2, 1) 0ms;
  transition: max-width 50ms cubic-bezier(0.0, 0, 0.2, 1) 0ms;
  white-space: nowrap;
  max-width: 100%;
  -webkit-transition: max-width 100ms cubic-bezier(0.0, 0, 0.2, 1) 50ms;
  transition: max-width 100ms cubic-bezier(0.0, 0, 0.2, 1) 50ms;
}

.emotion-64>span {
  padding-left: 5px;
  padding-right: 5px;
  display: inline-block;
  opacity: 0;
  visibility: visible;
}

.emotion-67 {
  -webkit-align-items: center;
  -webkit-box-align: center;
  -ms-flex-align: center;
  align-items: center;
  border-bottom: 1px solid rgba(0, 0, 0, 0.12);
}

.emotion-67:hover {
  background-color: rgba(0, 0, 0, 0.04);
}

.emotion-68 {
  display: grid;
  grid-column-gap: 24px;
  min-width: 1300px;
}

.emotion-68.inprogress-item {
  grid-template-columns: 2fr 2fr 1.5fr 1.5fr 1fr 4fr 1.5fr 48px;
}

.emotion-68.pending-item {
  grid-template-columns: 2fr 2fr 1.5fr 1.5fr 1fr 2fr 1.5fr 48px;
}

.emotion-68.scheduled-item {
  grid-template-columns: 2fr 2fr 1.5fr 1.5fr 1fr 1fr 1.5fr 48px;
}

.emotion-68.finished-item {
  grid-template-columns: 2fr 2fr 1.5fr 1.5fr 1fr 2.25fr 1fr 1.25fr;
}

.emotion-69 {
  font-weight: 700;
}

.emotion-69:hover {
  background-color: initial;
}

.emotion-70 {
  margin: 0;
  font-family: "Roboto","Helvetica","Arial",sans-serif;
  font-weight: 400;
  font-size: 1rem;
  line-height: 1.5;
  letter-spacing: 0.00938em;
}

.emotion-79 {
  margin: 0;
  font-family: "Roboto","Helvetica","Arial",sans-serif;
  font-weight: 400;
  font-size: 0.875rem;
  line-height: 1.43;
  letter-spacing: 0.01071em;
}

.emotion-84 {
  -webkit-column-gap: 8px;
  column-gap: 8px;
  display: grid;
  grid-template-columns: repeat(auto-fit, 32px);
}

.emotion-84>div {
  -webkit-column-gap: 4px;
  column-gap: 4px;
}

.emotion-85 {
  -webkit-user-select: none;
  -moz-user-select: none;
  -ms-user-select: none;
  user-select: none;
  width: 1em;
  height: 1em;
  display: inline-block;
  -webkit-flex-shrink: 0;
  -ms-flex-negative: 0;
  flex-shrink: 0;
  -webkit-transition: fill 200ms cubic-bezier(0.4, 0, 0.2, 1) 0ms;
  transition: fill 200ms cubic-bezier(0.4, 0, 0.2, 1) 0ms;
  fill: currentColor;
  font-size: 1.5rem;
  color: rgba(0, 0, 0, 0.26);
}

.emotion-89 {
  -webkit-user-select: none;
  -moz-user-select: none;
  -ms-user-select: none;
  user-select: none;
  width: 1em;
  height: 1em;
  display: inline-block;
  -webkit-flex-shrink: 0;
  -ms-flex-negative: 0;
  flex-shrink: 0;
  -webkit-transition: fill 200ms cubic-bezier(0.4, 0, 0.2, 1) 0ms;
  transition: fill 200ms cubic-bezier(0.4, 0, 0.2, 1) 0ms;
  fill: currentColor;
  font-size: 1.5rem;
  color: rgba(0, 0, 0, 0.54);
}

.emotion-96 {
  display: -webkit-inline-box;
  display: -webkit-inline-flex;
  display: -ms-inline-flexbox;
  display: inline-flex;
  -webkit-align-items: center;
  -webkit-box-align: center;
  -ms-flex-align: center;
  align-items: center;
  -webkit-box-pack: center;
  -ms-flex-pack: center;
  -webkit-justify-content: center;
  justify-content: center;
  position: relative;
  box-sizing: border-box;
  -webkit-tap-highlight-color: transparent;
  background-color: transparent;
  outline: 0;
  border: 0;
  margin: 0;
  border-radius: 0;
  padding: 0;
  cursor: pointer;
  -webkit-user-select: none;
  -moz-user-select: none;
  -ms-user-select: none;
  user-select: none;
  vertical-align: middle;
  -moz-appearance: none;
  -webkit-appearance: none;
  -webkit-text-decoration: none;
  text-decoration: none;
  color: inherit;
  font-family: "Roboto","Helvetica","Arial",sans-serif;
  font-weight: 500;
  font-size: 0.875rem;
  line-height: 1.75;
  letter-spacing: 0.02857em;
  text-transform: uppercase;
  min-width: 64px;
  padding: 6px 16px;
  border: 0;
  border-radius: 4px;
  -webkit-transition: background-color 250ms cubic-bezier(0.4, 0, 0.2, 1) 0ms,box-shadow 250ms cubic-bezier(0.4, 0, 0.2, 1) 0ms,border-color 250ms cubic-bezier(0.4, 0, 0.2, 1) 0ms,color 250ms cubic-bezier(0.4, 0, 0.2, 1) 0ms;
  transition: background-color 250ms cubic-bezier(0.4, 0, 0.2, 1) 0ms,box-shadow 250ms cubic-bezier(0.4, 0, 0.2, 1) 0ms,border-color 250ms cubic-bezier(0.4, 0, 0.2, 1) 0ms,color 250ms cubic-bezier(0.4, 0, 0.2, 1) 0ms;
  padding: 5px 15px;
  border: 1px solid currentColor;
  border-color: var(--variant-outlinedBorder, currentColor);
  background-color: var(--variant-outlinedBg);
  color: var(--variant-outlinedColor);
  --variant-textColor: #1976d2;
  --variant-outlinedColor: #1976d2;
  --variant-outlinedBorder: rgba(25, 118, 210, 0.5);
  --variant-containedColor: #fff;
  --variant-containedBg: #1976d2;
  -webkit-transition: background-color 250ms cubic-bezier(0.4, 0, 0.2, 1) 0ms,box-shadow 250ms cubic-bezier(0.4, 0, 0.2, 1) 0ms,border-color 250ms cubic-bezier(0.4, 0, 0.2, 1) 0ms;
  transition: background-color 250ms cubic-bezier(0.4, 0, 0.2, 1) 0ms,box-shadow 250ms cubic-bezier(0.4, 0, 0.2, 1) 0ms,border-color 250ms cubic-bezier(0.4, 0, 0.2, 1) 0ms;
  display: grid;
  place-self: center;
}

.emotion-96::-moz-focus-inner {
  border-style: none;
}

.emotion-96.Mui-disabled {
  pointer-events: none;
  cursor: default;
}

@media print {
  .emotion-96 {
    -webkit-print-color-adjust: exact;
    color-adjust: exact;
  }
}

.emotion-96:hover {
  -webkit-text-decoration: none;
  text-decoration: none;
}

.emotion-96.Mui-disabled {
  color: rgba(0, 0, 0, 0.26);
}

.emotion-96.Mui-disabled {
  border: 1px solid rgba(0, 0, 0, 0.12);
}

@media (hover: hover) {
  .emotion-96:hover {
    --variant-containedBg: #1565c0;
    --variant-textBg: rgba(25, 118, 210, 0.04);
    --variant-outlinedBorder: #1976d2;
    --variant-outlinedBg: rgba(25, 118, 210, 0.04);
  }
}

.emotion-96.MuiButton-loading {
  color: transparent;
}

.emotion-97 {
  overflow: auto;
  color: rgba(0, 0, 0, 0.87);
  font-size: 0.875rem;
}

.emotion-97:last-child {
  padding: 0;
}

.emotion-98 {
  position: relative;
  display: -webkit-box;
  display: -webkit-flex;
  display: -ms-flexbox;
  display: flex;
  -webkit-align-items: center;
  -webkit-box-align: center;
  -ms-flex-align: center;
  align-items: center;
  padding-left: 16px;
  padding-right: 16px;
  min-height: 56px;
  min-height: 52px;
  padding-right: 2px;
}

@media (min-width:600px) {
  .emotion-98 {
    padding-left: 24px;
    padding-right: 24px;
  }
}

@media (min-width:0px) {
  @media (orientation: landscape) {
    .emotion-98 {
      min-height: 48px;
    }
  }
}

@media (min-width:600px) {
  .emotion-98 {
    min-height: 64px;
  }
}

@media (min-width:0px) and (orientation: landscape) {
  .emotion-98 {
    min-height: 52px;
  }
}

@media (min-width:600px) {
  .emotion-98 {
    min-height: 52px;
    padding-right: 2px;
  }
}

.emotion-98 .MuiTablePagination-actions {
  -webkit-flex-shrink: 0;
  -ms-flex-negative: 0;
  flex-shrink: 0;
  margin-left: 20px;
}

.emotion-99 {
  -webkit-flex: 1 1 100%;
  -ms-flex: 1 1 100%;
  flex: 1 1 100%;
}

.emotion-100 {
  font-family: "Roboto","Helvetica","Arial",sans-serif;
  font-weight: 400;
  font-size: 0.875rem;
  line-height: 1.43;
  letter-spacing: 0.01071em;
  -webkit-flex-shrink: 0;
  -ms-flex-negative: 0;
  flex-shrink: 0;
}

.emotion-101 {
  font-family: "Roboto","Helvetica","Arial",sans-serif;
  font-weight: 400;
  font-size: 1rem;
  line-height: 1.4375em;
  letter-spacing: 0.00938em;
  color: rgba(0, 0, 0, 0.87);
  box-sizing: border-box;
  position: relative;
  cursor: text;
  display: -webkit-inline-box;
  display: -webkit-inline-flex;
  display: -ms-inline-flexbox;
  display: inline-flex;
  -webkit-align-items: center;
  -webkit-box-align: center;
  -ms-flex-align: center;
  align-items: center;
  color: inherit;
  font-size: inherit;
  -webkit-flex-shrink: 0;
  -ms-flex-negative: 0;
  flex-shrink: 0;
  margin-right: 32px;
  margin-left: 8px;
}

.emotion-101.Mui-disabled {
  color: rgba(0, 0, 0, 0.38);
  cursor: default;
}

.emotion-101 .MuiTablePagination-select {
  padding-left: 8px;
  padding-right: 24px;
  text-align: right;
  -webkit-text-align-last: right;
  text-align-last: right;
}

.emotion-102 {
  -moz-appearance: none;
  -webkit-appearance: none;
  -webkit-user-select: none;
  -moz-user-select: none;
  -ms-user-select: none;
  user-select: none;
  border-radius: 0;
  cursor: pointer;
  font: inherit;
  letter-spacing: inherit;
  color: currentColor;
  padding: 4px 0 5px;
  border: 0;
  box-sizing: content-box;
  background: none;
  height: 1.4375em;
  margin: 0;
  -webkit-tap-highlight-color: transparent;
  display: block;
  min-width: 0;
  width: 100%;
  -webkit-animation-name: mui-auto-fill-cancel;
  animation-name: mui-auto-fill-cancel;
  -webkit-animation-duration: 10ms;
  animation-duration: 10ms;
}

.emotion-102:focus {
  border-radius: 0;
}

.emotion-102.Mui-disabled {
  cursor: default;
}

.emotion-102[multiple] {
  height: auto;
}

.emotion-102:not([multiple]) option,
.emotion-102:not([multiple]) optgroup {
  background-color: #fff;
}

.emotion-102.emotion-102.emotion-102 {
  padding-right: 24px;
  min-width: 16px;
}

.emotion-102.MuiSelect-select {
  height: auto;
  min-height: 1.4375em;
  text-overflow: ellipsis;
  white-space: nowrap;
  overflow: hidden;
}

.emotion-102::-webkit-input-placeholder {
  color: currentColor;
  opacity: 0.42;
  -webkit-transition: opacity 200ms cubic-bezier(0.4, 0, 0.2, 1) 0ms;
  transition: opacity 200ms cubic-bezier(0.4, 0, 0.2, 1) 0ms;
}

.emotion-102::-moz-placeholder {
  color: currentColor;
  opacity: 0.42;
  -webkit-transition: opacity 200ms cubic-bezier(0.4, 0, 0.2, 1) 0ms;
  transition: opacity 200ms cubic-bezier(0.4, 0, 0.2, 1) 0ms;
}

.emotion-102::-ms-input-placeholder {
  color: currentColor;
  opacity: 0.42;
  -webkit-transition: opacity 200ms cubic-bezier(0.4, 0, 0.2, 1) 0ms;
  transition: opacity 200ms cubic-bezier(0.4, 0, 0.2, 1) 0ms;
}

.emotion-102:focus {
  outline: 0;
}

.emotion-102:invalid {
  box-shadow: none;
}

.emotion-102::-webkit-search-decoration {
  -webkit-appearance: none;
}

label[data-shrink=false]+.MuiInputBase-formControl .emotion-102::-webkit-input-placeholder {
  opacity: 0!important;
}

label[data-shrink=false]+.MuiInputBase-formControl .emotion-102::-moz-placeholder {
  opacity: 0!important;
}

label[data-shrink=false]+.MuiInputBase-formControl .emotion-102::-ms-input-placeholder {
  opacity: 0!important;
}

label[data-shrink=false]+.MuiInputBase-formControl .emotion-102:focus::-webkit-input-placeholder {
  opacity: 0.42;
}

label[data-shrink=false]+.MuiInputBase-formControl .emotion-102:focus::-moz-placeholder {
  opacity: 0.42;
}

label[data-shrink=false]+.MuiInputBase-formControl .emotion-102:focus::-ms-input-placeholder {
  opacity: 0.42;
}

.emotion-102.Mui-disabled {
  opacity: 1;
  -webkit-text-fill-color: rgba(0, 0, 0, 0.38);
}

.emotion-102:-webkit-autofill {
  -webkit-animation-duration: 5000s;
  animation-duration: 5000s;
  -webkit-animation-name: mui-auto-fill;
  animation-name: mui-auto-fill;
}

.emotion-103 {
  bottom: 0;
  left: 0;
  position: absolute;
  opacity: 0;
  pointer-events: none;
  width: 100%;
  box-sizing: border-box;
}

.emotion-104 {
  -webkit-user-select: none;
  -moz-user-select: none;
  -ms-user-select: none;
  user-select: none;
  width: 1em;
  height: 1em;
  display: inline-block;
  -webkit-flex-shrink: 0;
  -ms-flex-negative: 0;
  flex-shrink: 0;
  -webkit-transition: fill 200ms cubic-bezier(0.4, 0, 0.2, 1) 0ms;
  transition: fill 200ms cubic-bezier(0.4, 0, 0.2, 1) 0ms;
  fill: currentColor;
  font-size: 1.5rem;
  position: absolute;
  right: 0;
  top: calc(50% - .5em);
  pointer-events: none;
  color: rgba(0, 0, 0, 0.54);
}

.emotion-104.Mui-disabled {
  color: rgba(0, 0, 0, 0.26);
}

.emotion-105 {
  font-family: "Roboto","Helvetica","Arial",sans-serif;
  font-weight: 400;
  font-size: 0.875rem;
  line-height: 1.43;
  letter-spacing: 0.01071em;
  -webkit-flex-shrink: 0;
  -ms-flex-negative: 0;
  flex-shrink: 0;
}

.emotion-106 {
  display: -webkit-inline-box;
  display: -webkit-inline-flex;
  display: -ms-inline-flexbox;
  display: inline-flex;
  -webkit-align-items: center;
  -webkit-box-align: center;
  -ms-flex-align: center;
  align-items: center;
  -webkit-box-pack: center;
  -ms-flex-pack: center;
  -webkit-justify-content: center;
  justify-content: center;
  position: relative;
  box-sizing: border-box;
  -webkit-tap-highlight-color: transparent;
  background-color: transparent;
  outline: 0;
  border: 0;
  margin: 0;
  border-radius: 0;
  padding: 0;
  cursor: pointer;
  -webkit-user-select: none;
  -moz-user-select: none;
  -ms-user-select: none;
  user-select: none;
  vertical-align: middle;
  -moz-appearance: none;
  -webkit-appearance: none;
  -webkit-text-decoration: none;
  text-decoration: none;
  color: inherit;
  text-align: center;
  -webkit-flex: 0 0 auto;
  -ms-flex: 0 0 auto;
  flex: 0 0 auto;
  font-size: 1.5rem;
  padding: 8px;
  border-radius: 50%;
  color: rgba(0, 0, 0, 0.54);
  -webkit-transition: background-color 150ms cubic-bezier(0.4, 0, 0.2, 1) 0ms;
  transition: background-color 150ms cubic-bezier(0.4, 0, 0.2, 1) 0ms;
  --IconButton-hoverBg: rgba(0, 0, 0, 0.04);
  padding: 12px;
  font-size: 1.75rem;
}

.emotion-106::-moz-focus-inner {
  border-style: none;
}

.emotion-106.Mui-disabled {
  pointer-events: none;
  cursor: default;
}

@media print {
  .emotion-106 {
    -webkit-print-color-adjust: exact;
    color-adjust: exact;
  }
}

.emotion-106:hover {
  background-color: var(--IconButton-hoverBg);
}

@media (hover: none) {
  .emotion-106:hover {
    background-color: transparent;
  }
}

.emotion-106.Mui-disabled {
  background-color: transparent;
  color: rgba(0, 0, 0, 0.26);
}

.emotion-106.MuiIconButton-loading {
  color: transparent;
}

<div
  class="fadeIn"
>
  <form
    class="margin-bottom margin-top flexbox space-between emotion-0 "
    novalidate=""
  >
    <div
      class="emotion-1"
    >
      <div
        class="filter-item"
      >
        <h6
          class="MuiTypography-root MuiTypography-subtitle2 margin-top-small margin-bottom-small emotion-2"
        >
          Device group
        </h6>
        <div
          class="MuiAutocomplete-root emotion-3"
          name="group"
        >
          <div
            class="MuiFormControl-root MuiFormControl-fullWidth MuiTextField-root emotion-4"
          >
            <label
              class="MuiFormLabel-root MuiInputLabel-root MuiInputLabel-formControl MuiInputLabel-animated MuiInputLabel-outlined MuiFormLabel-colorPrimary MuiInputLabel-root MuiInputLabel-formControl MuiInputLabel-animated MuiInputLabel-outlined emotion-5"
              data-shrink="false"
              for="_r_1_"
              id="_r_1_-label"
            >
              Target devices
            </label>
            <div
              class="MuiInputBase-root MuiOutlinedInput-root MuiInputBase-colorPrimary MuiInputBase-fullWidth MuiInputBase-formControl MuiAutocomplete-inputRoot emotion-6"
            >
              <input
                aria-autocomplete="list"
                aria-expanded="false"
                aria-invalid="false"
                autocapitalize="none"
                autocomplete="off"
                class="MuiInputBase-input MuiOutlinedInput-input MuiAutocomplete-input MuiAutocomplete-inputFocused emotion-7"
                id="_r_1_"
                placeholder="Select a group"
                role="combobox"
                spellcheck="false"
                type="text"
                value=""
              />
              <fieldset
                aria-hidden="true"
                class="MuiOutlinedInput-notchedOutline emotion-8"
              >
                <legend
                  class="emotion-9"
                >
                  <span>
                    Target devices
                  </span>
                </legend>
              </fieldset>
            </div>
          </div>
        </div>
      </div>
      <div
        class="filter-item"
      >
        <h6
          class="MuiTypography-root MuiTypography-subtitle2 margin-top-small margin-bottom-small emotion-2"
        >
          Contains Artifact type
        </h6>
        <div
          class="MuiAutocomplete-root emotion-3"
          name="type"
        >
          <div
            class="MuiFormControl-root MuiFormControl-fullWidth MuiTextField-root emotion-4"
          >
            <label
              class="MuiFormLabel-root MuiInputLabel-root MuiInputLabel-formControl MuiInputLabel-animated MuiInputLabel-outlined MuiFormLabel-colorPrimary MuiInputLabel-root MuiInputLabel-formControl MuiInputLabel-animated MuiInputLabel-outlined emotion-5"
              data-shrink="false"
              for="_r_3_"
              id="_r_3_-label"
            >
              Deployment type
            </label>
            <div
              class="MuiInputBase-root MuiOutlinedInput-root MuiInputBase-colorPrimary MuiInputBase-fullWidth MuiInputBase-formControl MuiAutocomplete-inputRoot emotion-6"
            >
              <input
                aria-autocomplete="list"
                aria-expanded="false"
                aria-invalid="false"
                autocapitalize="none"
                autocomplete="off"
                class="MuiInputBase-input MuiOutlinedInput-input MuiAutocomplete-input MuiAutocomplete-inputFocused emotion-7"
                id="_r_3_"
                placeholder="Select a type"
                role="combobox"
                spellcheck="false"
                type="text"
                value=""
              />
              <fieldset
                aria-hidden="true"
                class="MuiOutlinedInput-notchedOutline emotion-8"
              >
                <legend
                  class="emotion-9"
                >
                  <span>
                    Deployment type
                  </span>
                </legend>
              </fieldset>
            </div>
          </div>
        </div>
      </div>
      <div
        class="filter-item"
      >
        <h6
          class="MuiTypography-root MuiTypography-subtitle2 margin-top-small margin-bottom-small emotion-2"
        >
          Start time
        </h6>
        <div
          class="flexbox column emotion-19"
        >
          <div
            class="flexbox emotion-20"
          >
            <div
              class="MuiFormControl-root MuiPickersTextField-root emotion-21"
            >
              <label
                class="MuiFormLabel-root MuiInputLabel-root MuiInputLabel-formControl MuiInputLabel-animated MuiInputLabel-sizeSmall MuiInputLabel-outlined MuiFormLabel-colorPrimary MuiInputLabel-root MuiInputLabel-formControl MuiInputLabel-animated MuiInputLabel-sizeSmall MuiInputLabel-outlined emotion-22"
                data-shrink="false"
                for="_r_6_"
                id="_r_6_-label"
              >
                From
              </label>
              <div
                aria-invalid="false"
                aria-labelledby="_r_6_-label"
                class="MuiPickersInputBase-root MuiPickersOutlinedInput-root MuiPickersInputBase-colorPrimary MuiPickersInputBase-inputSizeSmall MuiPickersInputBase-adornedEnd emotion-23"
                role="group"
              >
                <div
                  class="MuiPickersSectionList-root MuiPickersInputBase-sectionsContainer emotion-24"
                  contenteditable="false"
                  tabindex="0"
                >
                  <span
                    class="MuiPickersSectionList-section emotion-25"
                    data-sectionindex="0"
                  >
                    <span
                      class="MuiPickersInputBase-sectionBefore emotion-26"
                    />
                    <span
                      aria-disabled="false"
                      aria-label="Year"
                      aria-readonly="false"
                      aria-valuemax="9999"
                      aria-valuemin="0"
                      aria-valuetext="Empty"
                      autocapitalize="none"
                      autocorrect="off"
                      class="MuiPickersSectionList-sectionContent MuiPickersInputBase-sectionContent emotion-27"
                      contenteditable="true"
                      inputmode="numeric"
                      role="spinbutton"
                      spellcheck="false"
                      tabindex="0"
                    >
                      YYYY
                    </span>
                    <span
                      class="MuiPickersInputBase-sectionAfter emotion-26"
                    >
                      -
                    </span>
                  </span>
                  <span
                    class="MuiPickersSectionList-section emotion-25"
                    data-sectionindex="1"
                  >
                    <span
                      class="MuiPickersInputBase-sectionBefore emotion-26"
                    />
                    <span
                      aria-disabled="false"
                      aria-label="Month"
                      aria-readonly="false"
                      aria-valuemax="12"
                      aria-valuemin="1"
                      aria-valuetext="Empty"
                      autocapitalize="none"
                      autocorrect="off"
                      class="MuiPickersSectionList-sectionContent MuiPickersInputBase-sectionContent emotion-27"
                      contenteditable="true"
                      inputmode="numeric"
                      role="spinbutton"
                      spellcheck="false"
                      tabindex="-1"
                    >
                      MM
                    </span>
                    <span
                      class="MuiPickersInputBase-sectionAfter emotion-26"
                    >
                      -
                    </span>
                  </span>
                  <span
                    class="MuiPickersSectionList-section emotion-25"
                    data-sectionindex="2"
                  >
                    <span
                      class="MuiPickersInputBase-sectionBefore emotion-26"
                    />
                    <span
                      aria-disabled="false"
                      aria-label="Day"
                      aria-readonly="false"
                      aria-valuemax="31"
                      aria-valuemin="1"
                      aria-valuetext="Empty"
                      autocapitalize="none"
                      autocorrect="off"
                      class="MuiPickersSectionList-sectionContent MuiPickersInputBase-sectionContent emotion-27"
                      contenteditable="true"
                      inputmode="numeric"
                      role="spinbutton"
                      spellcheck="false"
                      tabindex="-1"
                    >
                      DD
                    </span>
                    <span
                      class="MuiPickersInputBase-sectionAfter emotion-26"
                    />
                  </span>
                </div>
                <div
                  class="MuiInputAdornment-root MuiInputAdornment-positionEnd MuiInputAdornment-outlined MuiInputAdornment-sizeSmall emotion-37"
                >
                  <button
                    aria-label="Choose date"
                    class="MuiButtonBase-root MuiIconButton-root MuiIconButton-edgeEnd MuiIconButton-sizeMedium emotion-38"
                    data-mui-picker-open-button="true"
                    tabindex="0"
                    type="button"
                  >
                    <svg
                      aria-hidden="true"
                      class="MuiSvgIcon-root MuiSvgIcon-fontSizeMedium emotion-39"
                      data-testid="CalendarIcon"
                      focusable="false"
                      viewBox="0 0 24 24"
                    >
                      <path
                        d="M17 12h-5v5h5v-5zM16 1v2H8V1H6v2H5c-1.11 0-1.99.9-1.99 2L3 19c0 1.1.89 2 2 2h14c1.1 0 2-.9 2-2V5c0-1.1-.9-2-2-2h-1V1h-2zm3 18H5V8h14v11z"
                      />
                    </svg>
                  </button>
                </div>
                <fieldset
                  aria-hidden="true"
                  class="MuiPickersOutlinedInput-notchedOutline emotion-40"
                >
                  <legend
                    class="emotion-41"
                  >
                    <span
                      class="emotion-42"
                    >
                      From
                    </span>
                  </legend>
                </fieldset>
                <input
                  aria-hidden="true"
                  aria-label="From"
                  class="MuiPickersInputBase-input MuiPickersOutlinedInput-input emotion-43"
                  id="_r_6_"
                  tabindex="-1"
                  value=""
                />
              </div>
            </div>
            <div
              class="MuiFormControl-root MuiPickersTextField-root emotion-21"
            >
              <label
                class="MuiFormLabel-root MuiInputLabel-root MuiInputLabel-formControl MuiInputLabel-animated MuiInputLabel-shrink MuiInputLabel-sizeSmall MuiInputLabel-outlined MuiFormLabel-colorPrimary MuiFormLabel-filled MuiInputLabel-root MuiInputLabel-formControl MuiInputLabel-animated MuiInputLabel-shrink MuiInputLabel-sizeSmall MuiInputLabel-outlined emotion-45"
                data-shrink="true"
                for="_r_a_"
                id="_r_a_-label"
              >
                To
              </label>
              <div
                aria-invalid="false"
                aria-labelledby="_r_a_-label"
                class="MuiPickersInputBase-root MuiPickersOutlinedInput-root MuiPickersInputBase-colorPrimary MuiPickersInputBase-inputSizeSmall MuiPickersInputBase-adornedEnd emotion-23"
                role="group"
              >
                <div
                  class="MuiPickersSectionList-root MuiPickersInputBase-sectionsContainer emotion-47"
                  contenteditable="false"
                  tabindex="0"
                >
                  <span
                    class="MuiPickersSectionList-section emotion-25"
                    data-sectionindex="0"
                  >
                    <span
                      class="MuiPickersInputBase-sectionBefore emotion-26"
                    />
                    <span
                      aria-disabled="false"
                      aria-label="Year"
                      aria-readonly="false"
                      aria-valuemax="9999"
                      aria-valuemin="0"
                      aria-valuenow="2019"
                      autocapitalize="none"
                      autocorrect="off"
                      class="MuiPickersSectionList-sectionContent MuiPickersInputBase-sectionContent emotion-27"
                      contenteditable="true"
                      inputmode="numeric"
                      role="spinbutton"
                      spellcheck="false"
                      tabindex="0"
                    >
                      2019
                    </span>
                    <span
                      class="MuiPickersInputBase-sectionAfter emotion-26"
                    >
                      -
                    </span>
                  </span>
                  <span
                    class="MuiPickersSectionList-section emotion-25"
                    data-sectionindex="1"
                  >
                    <span
                      class="MuiPickersInputBase-sectionBefore emotion-26"
                    />
                    <span
                      aria-disabled="false"
                      aria-label="Month"
                      aria-readonly="false"
                      aria-valuemax="12"
                      aria-valuemin="1"
                      aria-valuenow="1"
                      aria-valuetext="January"
                      autocapitalize="none"
                      autocorrect="off"
                      class="MuiPickersSectionList-sectionContent MuiPickersInputBase-sectionContent emotion-27"
                      contenteditable="true"
                      inputmode="numeric"
                      role="spinbutton"
                      spellcheck="false"
                      tabindex="-1"
                    >
                      01
                    </span>
                    <span
                      class="MuiPickersInputBase-sectionAfter emotion-26"
                    >
                      -
                    </span>
                  </span>
                  <span
                    class="MuiPickersSectionList-section emotion-25"
                    data-sectionindex="2"
                  >
                    <span
                      class="MuiPickersInputBase-sectionBefore emotion-26"
                    />
                    <span
                      aria-disabled="false"
                      aria-label="Day"
                      aria-readonly="false"
                      aria-valuemax="31"
                      aria-valuemin="1"
                      aria-valuenow="13"
                      aria-valuetext="13th"
                      autocapitalize="none"
                      autocorrect="off"
                      class="MuiPickersSectionList-sectionContent MuiPickersInputBase-sectionContent emotion-27"
                      contenteditable="true"
                      inputmode="numeric"
                      role="spinbutton"
                      spellcheck="false"
                      tabindex="-1"
                    >
                      13
                    </span>
                    <span
                      class="MuiPickersInputBase-sectionAfter emotion-26"
                    />
                  </span>
                </div>
                <div
                  class="MuiInputAdornment-root MuiInputAdornment-positionEnd MuiInputAdornment-outlined MuiInputAdornment-sizeSmall emotion-37"
                >
                  <button
                    aria-label="Choose date, selected date is Jan 13, 2019"
                    class="MuiButtonBase-root MuiIconButton-root MuiIconButton-edgeEnd MuiIconButton-sizeMedium emotion-38"
                    data-mui-picker-open-button="true"
                    tabindex="0"
                    type="button"
                  >
                    <svg
                      aria-hidden="true"
                      class="MuiSvgIcon-root MuiSvgIcon-fontSizeMedium emotion-39"
                      data-testid="CalendarIcon"
                      focusable="false"
                      viewBox="0 0 24 24"
                    >
                      <path
                        d="M17 12h-5v5h5v-5zM16 1v2H8V1H6v2H5c-1.11 0-1.99.9-1.99 2L3 19c0 1.1.89 2 2 2h14c1.1 0 2-.9 2-2V5c0-1.1-.9-2-2-2h-1V1h-2zm3 18H5V8h14v11z"
                      />
                    </svg>
                  </button>
                </div>
                <fieldset
                  aria-hidden="true"
                  class="MuiPickersOutlinedInput-notchedOutline emotion-40"
                >
                  <legend
                    class="emotion-64"
                  >
                    <span
                      class="emotion-42"
                    >
                      To
                    </span>
                  </legend>
                </fieldset>
                <input
                  aria-hidden="true"
                  aria-label="To"
                  class="MuiPickersInputBase-input MuiPickersOutlinedInput-input emotion-43"
                  id="_r_a_"
                  tabindex="-1"
                  value="2019-01-13"
                />
              </div>
            </div>
          </div>
        </div>
      </div>
    </div>
  </form>
  <div
    class="deploy-table-contain"
  >
    <div
      class="fadeIn"
    >
      <div
        class="padding-small emotion-67 emotion-68 emotion-69 finished-item"
      >
        <p
          class="MuiTypography-root MuiTypography-body1 emotion-70"
        >
          Release
        </p>
        <p
          class="MuiTypography-root MuiTypography-body1 text-overflow emotion-70"
        >
          Target device(s)
        </p>
        <p
          class="MuiTypography-root MuiTypography-body1 align-right emotion-70"
        >
          Start time
        </p>
        <p
          class="MuiTypography-root MuiTypography-body1 align-right emotion-70"
        >
          End time
        </p>
        <p
          class="MuiTypography-root MuiTypography-body1 align-right emotion-70"
        >
          # devices
        </p>
        <p
          class="MuiTypography-root MuiTypography-body1 emotion-70"
        >
          Status
        </p>
        <p
          class="MuiTypography-root MuiTypography-body1 align-right emotion-70"
        >
          Data downloaded
        </p>
      </div>
      <div
        class="padding-small relative emotion-67 emotion-68 finished-item"
        role="listitem"
      >
        <p
          class="MuiTypography-root MuiTypography-body2 text-overflow emotion-79"
          title="r1"
        >
          r1
        </p>
        <p
          class="MuiTypography-root MuiTypography-body2 text-overflow emotion-79"
          title="test deployment"
        >
          test deployment
        </p>
        <p
          class="MuiTypography-root MuiTypography-body2 align-right emotion-79"
        >
          <time
            aria-label="Tue Jan 01 2019 12:30:00 GMT+0000"
            data-mui-internal-clone-element="true"
            datetime="2019-01-01T12:30:00+00:00"
          >
            2019-01-01 12:30
          </time>
        </p>
        <p
          class="MuiTypography-root MuiTypography-body2 align-right emotion-79"
        >
          -
        </p>
        <p
          class="MuiTypography-root MuiTypography-body2 align-right emotion-79"
        >
          1
        </p>
        <div
          class="flexbox emotion-84"
        >
          <div
            aria-label="Skipped"
            class="flexbox centered"
            data-mui-internal-clone-element="true"
          >
            <svg
              aria-hidden="true"
              class="MuiSvgIcon-root MuiSvgIcon-colorDisabled MuiSvgIcon-fontSizeMedium emotion-85"
              data-testid="CancelIcon"
              focusable="false"
              viewBox="0 0 24 24"
            >
              <path
                d="M12 2C6.47 2 2 6.47 2 12s4.47 10 10 10 10-4.47 10-10S17.53 2 12 2m5 13.59L15.59 17 12 13.41 8.41 17 7 15.59 10.59 12 7 8.41 8.41 7 12 10.59 15.59 7 17 8.41 13.41 12z"
              />
            </svg>
            <p
              class="MuiTypography-root MuiTypography-body1 emotion-70"
            >
              0
            </p>
          </div>
          <div
            aria-label="Pending"
            class="flexbox centered"
            data-mui-internal-clone-element="true"
          >
            <svg
              aria-hidden="true"
              class="MuiSvgIcon-root MuiSvgIcon-colorDisabled MuiSvgIcon-fontSizeMedium emotion-85"
              data-testid="PendingIcon"
              focusable="false"
              viewBox="0 0 24 24"
            >
              <path
                d="M12 2C6.48 2 2 6.48 2 12s4.48 10 10 10 10-4.48 10-10S17.52 2 12 2M7 13.5c-.83 0-1.5-.67-1.5-1.5s.67-1.5 1.5-1.5 1.5.67 1.5 1.5-.67 1.5-1.5 1.5m5 0c-.83 0-1.5-.67-1.5-1.5s.67-1.5 1.5-1.5 1.5.67 1.5 1.5-.67 1.5-1.5 1.5m5 0c-.83 0-1.5-.67-1.5-1.5s.67-1.5 1.5-1.5 1.5.67 1.5 1.5-.67 1.5-1.5 1.5"
              />
            </svg>
            <p
              class="MuiTypography-root MuiTypography-body1 emotion-70"
            >
              0
            </p>
          </div>
          <div
            aria-label="In progress"
            class="flexbox centered"
            data-mui-internal-clone-element="true"
          >
            <svg
              aria-hidden="true"
              class="MuiSvgIcon-root MuiSvgIcon-colorAction MuiSvgIcon-fontSizeMedium emotion-89"
              data-testid="TimelapseIcon"
              focusable="false"
              viewBox="0 0 24 24"
            >
              <path
                d="M16.24 7.76C15.07 6.59 13.54 6 12 6v6l-4.24 4.24c2.34 2.34 6.14 2.34 8.49 0 2.34-2.34 2.34-6.14-.01-8.48M12 2C6.48 2 2 6.48 2 12s4.48 10 10 10 10-4.48 10-10S17.52 2 12 2m0 18c-4.42 0-8-3.58-8-8s3.58-8 8-8 8 3.58 8 8-3.58 8-8 8"
              />
            </svg>
            <p
              class="MuiTypography-root MuiTypography-body1 emotion-70"
            >
              1
            </p>
          </div>
          <div
            aria-label="Successful"
            class="flexbox centered"
            data-mui-internal-clone-element="true"
          >
            <svg
              aria-hidden="true"
              class="MuiSvgIcon-root MuiSvgIcon-colorDisabled MuiSvgIcon-fontSizeMedium emotion-85"
              data-testid="CheckCircleIcon"
              focusable="false"
              viewBox="0 0 24 24"
            >
              <path
                d="M12 2C6.48 2 2 6.48 2 12s4.48 10 10 10 10-4.48 10-10S17.52 2 12 2m-2 15-5-5 1.41-1.41L10 14.17l7.59-7.59L19 8z"
              />
            </svg>
            <p
              class="MuiTypography-root MuiTypography-body1 emotion-70"
            >
              0
            </p>
          </div>
          <div
            aria-label="Failed"
            class="flexbox centered"
            data-mui-internal-clone-element="true"
          >
            <svg
              aria-hidden="true"
              class="MuiSvgIcon-root MuiSvgIcon-colorDisabled MuiSvgIcon-fontSizeMedium emotion-85"
              data-testid="ErrorIcon"
              focusable="false"
              viewBox="0 0 24 24"
            >
              <path
                d="M12 2C6.48 2 2 6.48 2 12s4.48 10 10 10 10-4.48 10-10S17.52 2 12 2m1 15h-2v-2h2zm0-4h-2V7h2z"
              />
            </svg>
            <p
              class="MuiTypography-root MuiTypography-body1 emotion-70"
            >
              0
            </p>
          </div>
        </div>
        <div
          class="MuiTypography-root MuiTypography-body2 align-right emotion-79"
        >
          <div>
            1.21 KB
          </div>
        </div>
        <button
          class="MuiButtonBase-root MuiButton-root MuiButton-outlined MuiButton-sizeMedium MuiButton-colorPrimary MuiButton-root MuiButton-outlined MuiButton-sizeMedium MuiButton-colorPrimary nowrap emotion-96"
          tabindex="0"
          type="button"
        >
          View details
        </button>
      </div>
      <div
        class="flexbox"
      >
        <div
          class="MuiTablePagination-root flexbox margin-top margin-top-none emotion-97"
        >
          <div
            class="MuiToolbar-root MuiToolbar-gutters MuiToolbar-regular MuiTablePagination-toolbar padding-left-none emotion-98"
          >
            <div
              class="MuiTablePagination-spacer flexbox no-basis emotion-99"
            />
            <p
              class="MuiTablePagination-selectLabel emotion-100"
              id="_r_m_"
            >
              Rows per page:
            </p>
            <div
              class="MuiInputBase-root MuiInputBase-colorPrimary MuiTablePagination-select MuiSelect-root MuiTablePagination-input emotion-101"
            >
              <div
                aria-expanded="false"
                aria-haspopup="listbox"
                aria-labelledby="_r_m_ _r_l_"
                class="MuiSelect-select MuiTablePagination-select MuiSelect-standard MuiInputBase-input emotion-102"
                id="_r_l_"
                role="combobox"
                tabindex="0"
              >
                20
              </div>
              <input
                aria-hidden="true"
                aria-invalid="false"
                class="MuiSelect-nativeInput emotion-103"
                id="_r_o_"
                name="pagination"
                tabindex="-1"
                value="20"
              />
              <svg
                aria-hidden="true"
                class="MuiSvgIcon-root MuiSvgIcon-fontSizeMedium MuiSelect-icon MuiTablePagination-selectIcon emotion-104"
                data-testid="ArrowDropDownIcon"
                focusable="false"
                viewBox="0 0 24 24"
              >
                <path
                  d="M7 10l5 5 5-5z"
                />
              </svg>
            </div>
            <p
              class="MuiTablePagination-displayedRows emotion-105"
            />
            <div>
              1-1 of 1
            </div>
            <button
              aria-label="prev"
              class="MuiButtonBase-root Mui-disabled MuiIconButton-root Mui-disabled MuiIconButton-sizeLarge margin-left-small emotion-106"
              disabled=""
              tabindex="-1"
              type="button"
            >
              <svg
                aria-hidden="true"
                class="MuiSvgIcon-root MuiSvgIcon-fontSizeMedium emotion-39"
                data-testid="KeyboardArrowLeftIcon"
                focusable="false"
                viewBox="0 0 24 24"
              >
                <path
                  d="M15.41 16.59 10.83 12l4.58-4.59L14 6l-6 6 6 6z"
                />
              </svg>
            </button>
            <div>
              <button
                aria-label="next"
                class="MuiButtonBase-root Mui-disabled MuiIconButton-root Mui-disabled MuiIconButton-sizeLarge emotion-106"
                disabled=""
                tabindex="-1"
                type="button"
              >
                <svg
                  aria-hidden="true"
                  class="MuiSvgIcon-root MuiSvgIcon-fontSizeMedium emotion-39"
                  data-testid="KeyboardArrowRightIcon"
                  focusable="false"
                  viewBox="0 0 24 24"
                >
                  <path
                    d="M8.59 16.59 13.17 12 8.59 7.41 10 6l6 6-6 6z"
                  />
                </svg>
              </button>
            </div>
          </div>
        </div>
        <div
          class="loaderContainer"
        >
          <div
            class="small  loader"
          >
            <span
              class="dot dot_1"
            />
            <span
              class="dot dot_2"
            />
            <span
              class="dot dot_3"
            />
            <span
              class="dot dot_4"
            />
          </div>
        </div>
      </div>
    </div>
  </div>
</div>
`;
